
As-needed library included to satisfy reference by file (symbol)

libtivision_apps.so.9.2.0     /opt/psdk-rtos/workarea/vision_apps/out/J722S/A53/LINUX/release/module/apps.tests.app_vx_conformance/main.o (vxMultiply_register)
libc.so.6                     /usr/lib/gcc/aarch64-linux-gnu/12/../../../aarch64-linux-gnu/Scrt1.o (__libc_start_main@@GLIBC_2.34)

Discarded input sections

 .note.GNU-stack
                0x0000000000000000        0x0 /usr/lib/gcc/aarch64-linux-gnu/12/../../../aarch64-linux-gnu/Scrt1.o
 .note.GNU-stack
                0x0000000000000000        0x0 /usr/lib/gcc/aarch64-linux-gnu/12/../../../aarch64-linux-gnu/crti.o
 .note.GNU-stack
                0x0000000000000000        0x0 /usr/lib/gcc/aarch64-linux-gnu/12/crtbeginS.o
 .note.GNU-stack
                0x0000000000000000        0x0 /opt/psdk-rtos/workarea/vision_apps/out/J722S/A53/LINUX/release/module/apps.tests.app_vx_conformance/main.o
 .note.GNU-stack
                0x0000000000000000        0x0 /usr/lib/gcc/aarch64-linux-gnu/12/crtendS.o
 .note.GNU-stack
                0x0000000000000000        0x0 /usr/lib/gcc/aarch64-linux-gnu/12/../../../aarch64-linux-gnu/crtn.o

Memory Configuration

Name             Origin             Length             Attributes
*default*        0x0000000000000000 0xffffffffffffffff

Linker script and memory map

LOAD /usr/lib/gcc/aarch64-linux-gnu/12/../../../aarch64-linux-gnu/Scrt1.o
LOAD /usr/lib/gcc/aarch64-linux-gnu/12/../../../aarch64-linux-gnu/crti.o
LOAD /usr/lib/gcc/aarch64-linux-gnu/12/crtbeginS.o
LOAD /opt/psdk-rtos/workarea/vision_apps/out/J722S/A53/LINUX/release/module/apps.tests.app_vx_conformance/main.o
START GROUP
END GROUP
LOAD /opt/psdk-rtos/workarea/vision_apps/out/J722S/A53/LINUX/release/libtivision_apps.so
LOAD /usr/lib/gcc/aarch64-linux-gnu/12/libstdc++.so
LOAD /usr/lib/gcc/aarch64-linux-gnu/12/../../../aarch64-linux-gnu/libm.so
LOAD /usr/lib/gcc/aarch64-linux-gnu/12/libgcc_s.so
START GROUP
LOAD /usr/lib/gcc/aarch64-linux-gnu/12/../../../aarch64-linux-gnu/libgcc_s.so.1
LOAD /usr/lib/gcc/aarch64-linux-gnu/12/libgcc.a
END GROUP
LOAD /usr/lib/gcc/aarch64-linux-gnu/12/libgcc.a
LOAD /usr/lib/gcc/aarch64-linux-gnu/12/../../../aarch64-linux-gnu/libc.so
START GROUP
LOAD /lib/aarch64-linux-gnu/libc.so.6
LOAD /usr/lib/aarch64-linux-gnu/libc_nonshared.a
LOAD /lib/ld-linux-aarch64.so.1
END GROUP
LOAD /usr/lib/gcc/aarch64-linux-gnu/12/libgcc_s.so
START GROUP
LOAD /usr/lib/gcc/aarch64-linux-gnu/12/../../../aarch64-linux-gnu/libgcc_s.so.1
LOAD /usr/lib/gcc/aarch64-linux-gnu/12/libgcc.a
END GROUP
LOAD /usr/lib/gcc/aarch64-linux-gnu/12/libgcc.a
LOAD /usr/lib/gcc/aarch64-linux-gnu/12/crtendS.o
LOAD /usr/lib/gcc/aarch64-linux-gnu/12/../../../aarch64-linux-gnu/crtn.o
                [!provide]                        PROVIDE (__executable_start = SEGMENT_START ("text-segment", 0x0))
                0x0000000000000238                . = (SEGMENT_START ("text-segment", 0x0) + SIZEOF_HEADERS)

.interp         0x0000000000000238       0x1b
 *(.interp)
 .interp        0x0000000000000238       0x1b /usr/lib/gcc/aarch64-linux-gnu/12/../../../aarch64-linux-gnu/Scrt1.o

.note.gnu.build-id
                0x0000000000000254       0x24
 *(.note.gnu.build-id)
 .note.gnu.build-id
                0x0000000000000254       0x24 /usr/lib/gcc/aarch64-linux-gnu/12/../../../aarch64-linux-gnu/Scrt1.o

.note.ABI-tag   0x0000000000000278       0x20
 .note.ABI-tag  0x0000000000000278       0x20 /usr/lib/gcc/aarch64-linux-gnu/12/../../../aarch64-linux-gnu/Scrt1.o

.hash
 *(.hash)

.gnu.hash       0x0000000000000298       0x64
 *(.gnu.hash)
 .gnu.hash      0x0000000000000298       0x64 /usr/lib/gcc/aarch64-linux-gnu/12/../../../aarch64-linux-gnu/Scrt1.o

.dynsym         0x0000000000000300     0x1488
 *(.dynsym)
 .dynsym        0x0000000000000300     0x1488 /usr/lib/gcc/aarch64-linux-gnu/12/../../../aarch64-linux-gnu/Scrt1.o

.dynstr         0x0000000000001788      0xf41
 *(.dynstr)
 .dynstr        0x0000000000001788      0xf41 /usr/lib/gcc/aarch64-linux-gnu/12/../../../aarch64-linux-gnu/Scrt1.o

.gnu.version    0x00000000000026ca      0x1b6
 *(.gnu.version)
 .gnu.version   0x00000000000026ca      0x1b6 /usr/lib/gcc/aarch64-linux-gnu/12/../../../aarch64-linux-gnu/Scrt1.o

.gnu.version_d  0x0000000000002880        0x0
 *(.gnu.version_d)
 .gnu.version_d
                0x0000000000002880        0x0 /usr/lib/gcc/aarch64-linux-gnu/12/../../../aarch64-linux-gnu/Scrt1.o

.gnu.version_r  0x0000000000002880       0x30
 *(.gnu.version_r)
 .gnu.version_r
                0x0000000000002880       0x30 /usr/lib/gcc/aarch64-linux-gnu/12/../../../aarch64-linux-gnu/Scrt1.o

.rela.dyn       0x00000000000028b0     0x12a8
 *(.rela.init)
 *(.rela.text .rela.text.* .rela.gnu.linkonce.t.*)
 *(.rela.fini)
 *(.rela.rodata .rela.rodata.* .rela.gnu.linkonce.r.*)
 *(.rela.data .rela.data.* .rela.gnu.linkonce.d.*)
 .rela.data.rel.ro
                0x00000000000028b0        0x0 /usr/lib/gcc/aarch64-linux-gnu/12/../../../aarch64-linux-gnu/Scrt1.o
 .rela.data.rel.local
                0x00000000000028b0       0x18 /usr/lib/gcc/aarch64-linux-gnu/12/../../../aarch64-linux-gnu/Scrt1.o
 .rela.data.rel
                0x00000000000028c8     0x11e8 /usr/lib/gcc/aarch64-linux-gnu/12/../../../aarch64-linux-gnu/Scrt1.o
 *(.rela.tdata .rela.tdata.* .rela.gnu.linkonce.td.*)
 *(.rela.tbss .rela.tbss.* .rela.gnu.linkonce.tb.*)
 *(.rela.ctors)
 *(.rela.dtors)
 *(.rela.got)
 .rela.got      0x0000000000003ab0       0x78 /usr/lib/gcc/aarch64-linux-gnu/12/../../../aarch64-linux-gnu/Scrt1.o
 *(.rela.bss .rela.bss.* .rela.gnu.linkonce.b.*)
 .rela.bss      0x0000000000003b28        0x0 /usr/lib/gcc/aarch64-linux-gnu/12/../../../aarch64-linux-gnu/Scrt1.o
 *(.rela.ifunc)
 .rela.ifunc    0x0000000000003b28        0x0 /usr/lib/gcc/aarch64-linux-gnu/12/../../../aarch64-linux-gnu/Scrt1.o
 .rela.fini_array
                0x0000000000003b28       0x18 /usr/lib/gcc/aarch64-linux-gnu/12/../../../aarch64-linux-gnu/Scrt1.o
 .rela.init_array
                0x0000000000003b40       0x18 /usr/lib/gcc/aarch64-linux-gnu/12/../../../aarch64-linux-gnu/Scrt1.o

.rela.plt       0x0000000000003b58     0x12c0
 *(.rela.plt)
 .rela.plt      0x0000000000003b58     0x12c0 /usr/lib/gcc/aarch64-linux-gnu/12/../../../aarch64-linux-gnu/Scrt1.o
 *(.rela.iplt)

.init           0x0000000000004e18       0x18
 *(SORT_NONE(.init))
 .init          0x0000000000004e18       0x10 /usr/lib/gcc/aarch64-linux-gnu/12/../../../aarch64-linux-gnu/crti.o
                0x0000000000004e18                _init
 .init          0x0000000000004e28        0x8 /usr/lib/gcc/aarch64-linux-gnu/12/../../../aarch64-linux-gnu/crtn.o

.plt            0x0000000000004e30      0xca0
 *(.plt)
 .plt           0x0000000000004e30      0xca0 /usr/lib/gcc/aarch64-linux-gnu/12/../../../aarch64-linux-gnu/Scrt1.o
 *(.iplt)

.text           0x0000000000005b00      0x1ac
 *(.text.unlikely .text.*_unlikely .text.unlikely.*)
 *(.text.exit .text.exit.*)
 *(.text.startup .text.startup.*)
 .text.startup  0x0000000000005b00       0x44 /opt/psdk-rtos/workarea/vision_apps/out/J722S/A53/LINUX/release/module/apps.tests.app_vx_conformance/main.o
                0x0000000000005b00                main
 *(.text.hot .text.hot.*)
 *(SORT_BY_NAME(.text.sorted.*))
 *(.text .stub .text.* .gnu.linkonce.t.*)
 *fill*         0x0000000000005b44       0x3c 1f2003d5
 .text          0x0000000000005b80       0x34 /usr/lib/gcc/aarch64-linux-gnu/12/../../../aarch64-linux-gnu/Scrt1.o
                0x0000000000005b80                _start
 .text          0x0000000000005bb4       0x14 /usr/lib/gcc/aarch64-linux-gnu/12/../../../aarch64-linux-gnu/crti.o
 *fill*         0x0000000000005bc8        0x8 1f2003d5
 .text          0x0000000000005bd0       0xc4 /usr/lib/gcc/aarch64-linux-gnu/12/crtbeginS.o
 *fill*         0x0000000000005c94        0xc 1f2003d5
 .text          0x0000000000005ca0        0xc /opt/psdk-rtos/workarea/vision_apps/out/J722S/A53/LINUX/release/module/apps.tests.app_vx_conformance/main.o
                0x0000000000005ca0                vision_apps_test_main
 .text          0x0000000000005cac        0x0 /usr/lib/gcc/aarch64-linux-gnu/12/crtendS.o
 .text          0x0000000000005cac        0x0 /usr/lib/gcc/aarch64-linux-gnu/12/../../../aarch64-linux-gnu/crtn.o
 *(.gnu.warning)

.fini           0x0000000000005cac       0x14
 *(SORT_NONE(.fini))
 .fini          0x0000000000005cac        0xc /usr/lib/gcc/aarch64-linux-gnu/12/../../../aarch64-linux-gnu/crti.o
                0x0000000000005cac                _fini
 .fini          0x0000000000005cb8        0x8 /usr/lib/gcc/aarch64-linux-gnu/12/../../../aarch64-linux-gnu/crtn.o
                [!provide]                        PROVIDE (__etext = .)
                [!provide]                        PROVIDE (_etext = .)
                [!provide]                        PROVIDE (etext = .)

.rodata         0x0000000000005cc0       0x10
 *(.rodata .rodata.* .gnu.linkonce.r.*)
 .rodata.cst4   0x0000000000005cc0        0x4 /usr/lib/gcc/aarch64-linux-gnu/12/../../../aarch64-linux-gnu/Scrt1.o
                0x0000000000005cc0                _IO_stdin_used
 *fill*         0x0000000000005cc4        0x4 
 .rodata.str1.8
                0x0000000000005cc8        0x8 /opt/psdk-rtos/workarea/vision_apps/out/J722S/A53/LINUX/release/module/apps.tests.app_vx_conformance/main.o

.rodata1
 *(.rodata1)

.eh_frame_hdr   0x0000000000005cd0       0x44
 *(.eh_frame_hdr)
 .eh_frame_hdr  0x0000000000005cd0       0x44 /usr/lib/gcc/aarch64-linux-gnu/12/../../../aarch64-linux-gnu/Scrt1.o
                0x0000000000005cd0                __GNU_EH_FRAME_HDR
 *(.eh_frame_entry .eh_frame_entry.*)

.eh_frame       0x0000000000005d18       0xc4
 *(.eh_frame)
 .eh_frame      0x0000000000005d18       0x28 /usr/lib/gcc/aarch64-linux-gnu/12/../../../aarch64-linux-gnu/Scrt1.o
 .eh_frame      0x0000000000005d40       0x60 /usr/lib/gcc/aarch64-linux-gnu/12/crtbeginS.o
                                         0x78 (size before relaxing)
 .eh_frame      0x0000000000005da0       0x38 /opt/psdk-rtos/workarea/vision_apps/out/J722S/A53/LINUX/release/module/apps.tests.app_vx_conformance/main.o
                                         0x50 (size before relaxing)
 .eh_frame      0x0000000000005dd8        0x4 /usr/lib/gcc/aarch64-linux-gnu/12/crtendS.o
 *(.eh_frame.*)

.sframe
 *(.sframe)
 *(.sframe.*)

.gcc_except_table
 *(.gcc_except_table .gcc_except_table.*)

.gnu_extab
 *(.gnu_extab*)

.exception_ranges
 *(.exception_ranges*)
                0x000000000001fdb8                . = DATA_SEGMENT_ALIGN (CONSTANT (MAXPAGESIZE), CONSTANT (COMMONPAGESIZE))

.eh_frame
 *(.eh_frame)
 *(.eh_frame.*)

.sframe
 *(.sframe)
 *(.sframe.*)

.gnu_extab
 *(.gnu_extab)

.gcc_except_table
 *(.gcc_except_table .gcc_except_table.*)

.exception_ranges
 *(.exception_ranges*)

.tdata          0x000000000001fdb8        0x0
                [!provide]                        PROVIDE (__tdata_start = .)
 *(.tdata .tdata.* .gnu.linkonce.td.*)

.tbss
 *(.tbss .tbss.* .gnu.linkonce.tb.*)
 *(.tcommon)

.preinit_array  0x000000000001fdb8        0x0
                [!provide]                        PROVIDE (__preinit_array_start = .)
 *(.preinit_array)
                [!provide]                        PROVIDE (__preinit_array_end = .)

.init_array     0x000000000001fdb8        0x8
                [!provide]                        PROVIDE (__init_array_start = .)
 *(SORT_BY_INIT_PRIORITY(.init_array.*) SORT_BY_INIT_PRIORITY(.ctors.*))
 *(.init_array EXCLUDE_FILE(*crtend?.o *crtend.o *crtbegin?.o *crtbegin.o) .ctors)
 .init_array    0x000000000001fdb8        0x8 /usr/lib/gcc/aarch64-linux-gnu/12/crtbeginS.o
                [!provide]                        PROVIDE (__init_array_end = .)

.fini_array     0x000000000001fdc0        0x8
                [!provide]                        PROVIDE (__fini_array_start = .)
 *(SORT_BY_INIT_PRIORITY(.fini_array.*) SORT_BY_INIT_PRIORITY(.dtors.*))
 *(.fini_array EXCLUDE_FILE(*crtend?.o *crtend.o *crtbegin?.o *crtbegin.o) .dtors)
 .fini_array    0x000000000001fdc0        0x8 /usr/lib/gcc/aarch64-linux-gnu/12/crtbeginS.o
                [!provide]                        PROVIDE (__fini_array_end = .)

.ctors
 *crtbegin.o(.ctors)
 *crtbegin?.o(.ctors)
 *(EXCLUDE_FILE(*crtend?.o *crtend.o) .ctors)
 *(SORT_BY_NAME(.ctors.*))
 *(.ctors)

.dtors
 *crtbegin.o(.dtors)
 *crtbegin?.o(.dtors)
 *(EXCLUDE_FILE(*crtend?.o *crtend.o) .dtors)
 *(SORT_BY_NAME(.dtors.*))
 *(.dtors)

.jcr
 *(.jcr)

.data.rel.ro    0x000000000001fdc8        0x0
 *(.data.rel.ro.local* .gnu.linkonce.d.rel.ro.local.*)
 *(.data.rel.ro .data.rel.ro.* .gnu.linkonce.d.rel.ro.*)
 .data.rel.ro   0x000000000001fdc8        0x0 /usr/lib/gcc/aarch64-linux-gnu/12/../../../aarch64-linux-gnu/Scrt1.o

.dynamic        0x000000000001fdc8      0x1f0
 *(.dynamic)
 .dynamic       0x000000000001fdc8      0x1f0 /usr/lib/gcc/aarch64-linux-gnu/12/../../../aarch64-linux-gnu/Scrt1.o
                0x000000000001fdc8                _DYNAMIC

.got            0x000000000001ffb8       0x30
 *(.got)
 .got           0x000000000001ffb8       0x30 /usr/lib/gcc/aarch64-linux-gnu/12/../../../aarch64-linux-gnu/Scrt1.o
                0x000000000001ffb8                _GLOBAL_OFFSET_TABLE_
 *(.igot)
                0x000000000001ffe8                . = DATA_SEGMENT_RELRO_END (., 0x18)

.got.plt        0x000000000001ffe8      0x658
 *(.got.plt)
 .got.plt       0x000000000001ffe8      0x658 /usr/lib/gcc/aarch64-linux-gnu/12/../../../aarch64-linux-gnu/Scrt1.o
 *(.igot.plt)

.data           0x0000000000020640      0x610
                [!provide]                        PROVIDE (__data_start = .)
 *(.data .data.* .gnu.linkonce.d.*)
 .data          0x0000000000020640        0x4 /usr/lib/gcc/aarch64-linux-gnu/12/../../../aarch64-linux-gnu/Scrt1.o
                0x0000000000020640                data_start
                0x0000000000020640                __data_start
 .data          0x0000000000020644        0x0 /usr/lib/gcc/aarch64-linux-gnu/12/../../../aarch64-linux-gnu/crti.o
 .data          0x0000000000020644        0x0 /usr/lib/gcc/aarch64-linux-gnu/12/crtbeginS.o
 *fill*         0x0000000000020644        0x4 
 .data.rel.local
                0x0000000000020648        0x8 /usr/lib/gcc/aarch64-linux-gnu/12/crtbeginS.o
                0x0000000000020648                __dso_handle
 .data          0x0000000000020650        0x0 /opt/psdk-rtos/workarea/vision_apps/out/J722S/A53/LINUX/release/module/apps.tests.app_vx_conformance/main.o
 .data.rel      0x0000000000020650      0x600 /opt/psdk-rtos/workarea/vision_apps/out/J722S/A53/LINUX/release/module/apps.tests.app_vx_conformance/main.o
                0x0000000000020650                g_testcase_register_fns
 .data          0x0000000000020c50        0x0 /usr/lib/gcc/aarch64-linux-gnu/12/crtendS.o
 .data          0x0000000000020c50        0x0 /usr/lib/gcc/aarch64-linux-gnu/12/../../../aarch64-linux-gnu/crtn.o

.tm_clone_table
                0x0000000000020c50        0x0
 .tm_clone_table
                0x0000000000020c50        0x0 /usr/lib/gcc/aarch64-linux-gnu/12/crtbeginS.o
 .tm_clone_table
                0x0000000000020c50        0x0 /usr/lib/gcc/aarch64-linux-gnu/12/crtendS.o

.data1
 *(.data1)
                0x0000000000020c50                _edata = .
                [!provide]                        PROVIDE (edata = .)
                0x0000000000020c50                . = .
                0x0000000000020c50                __bss_start = .
                0x0000000000020c50                __bss_start__ = .

.bss            0x0000000000020c50        0x8
 *(.dynbss)
 .dynbss        0x0000000000020c50        0x0 /usr/lib/gcc/aarch64-linux-gnu/12/../../../aarch64-linux-gnu/Scrt1.o
 *(.bss .bss.* .gnu.linkonce.b.*)
 .bss           0x0000000000020c50        0x0 /usr/lib/gcc/aarch64-linux-gnu/12/../../../aarch64-linux-gnu/Scrt1.o
 .bss           0x0000000000020c50        0x0 /usr/lib/gcc/aarch64-linux-gnu/12/../../../aarch64-linux-gnu/crti.o
 .bss           0x0000000000020c50        0x1 /usr/lib/gcc/aarch64-linux-gnu/12/crtbeginS.o
 .bss           0x0000000000020c51        0x0 /opt/psdk-rtos/workarea/vision_apps/out/J722S/A53/LINUX/release/module/apps.tests.app_vx_conformance/main.o
 .bss           0x0000000000020c51        0x0 /usr/lib/gcc/aarch64-linux-gnu/12/crtendS.o
 .bss           0x0000000000020c51        0x0 /usr/lib/gcc/aarch64-linux-gnu/12/../../../aarch64-linux-gnu/crtn.o
 *(COMMON)
                0x0000000000020c58                . = ALIGN ((. != 0x0)?0x8:0x1)
 *fill*         0x0000000000020c51        0x7 
                0x0000000000020c58                _bss_end__ = .
                0x0000000000020c58                __bss_end__ = .
                0x0000000000020c58                . = ALIGN (0x8)
                0x0000000000020c58                . = SEGMENT_START ("ldata-segment", .)
                0x0000000000020c58                . = ALIGN (0x8)
                0x0000000000020c58                __end__ = .
                0x0000000000020c58                _end = .
                [!provide]                        PROVIDE (end = .)
                0x0000000000020c58                . = DATA_SEGMENT_END (.)

.stab
 *(.stab)

.stabstr
 *(.stabstr)

.stab.excl
 *(.stab.excl)

.stab.exclstr
 *(.stab.exclstr)

.stab.index
 *(.stab.index)

.stab.indexstr
 *(.stab.indexstr)

.comment        0x0000000000000000       0x1f
 *(.comment)
 .comment       0x0000000000000000       0x1f /usr/lib/gcc/aarch64-linux-gnu/12/crtbeginS.o
                                         0x20 (size before relaxing)
 .comment       0x000000000000001f       0x20 /opt/psdk-rtos/workarea/vision_apps/out/J722S/A53/LINUX/release/module/apps.tests.app_vx_conformance/main.o
 .comment       0x000000000000001f       0x20 /usr/lib/gcc/aarch64-linux-gnu/12/crtendS.o

.gnu.build.attributes
 *(.gnu.build.attributes .gnu.build.attributes.*)

.debug
 *(.debug)

.line
 *(.line)

.debug_srcinfo
 *(.debug_srcinfo)

.debug_sfnames
 *(.debug_sfnames)

.debug_aranges
 *(.debug_aranges)

.debug_pubnames
 *(.debug_pubnames)

.debug_info
 *(.debug_info .gnu.linkonce.wi.*)

.debug_abbrev
 *(.debug_abbrev)

.debug_line
 *(.debug_line .debug_line.* .debug_line_end)

.debug_frame
 *(.debug_frame)

.debug_str
 *(.debug_str)

.debug_loc
 *(.debug_loc)

.debug_macinfo
 *(.debug_macinfo)

.debug_weaknames
 *(.debug_weaknames)

.debug_funcnames
 *(.debug_funcnames)

.debug_typenames
 *(.debug_typenames)

.debug_varnames
 *(.debug_varnames)

.debug_pubtypes
 *(.debug_pubtypes)

.debug_ranges
 *(.debug_ranges)

.debug_addr
 *(.debug_addr)

.debug_line_str
 *(.debug_line_str)

.debug_loclists
 *(.debug_loclists)

.debug_macro
 *(.debug_macro)

.debug_names
 *(.debug_names)

.debug_rnglists
 *(.debug_rnglists)

.debug_str_offsets
 *(.debug_str_offsets)

.debug_sup
 *(.debug_sup)

.ARM.attributes
 *(.ARM.attributes)
 *(.gnu.attributes)

.note.gnu.arm.ident
 *(.note.gnu.arm.ident)

/DISCARD/
 *(.note.GNU-stack)
 *(.gnu_debuglink)
 *(.gnu.lto_*)
OUTPUT(/opt/psdk-rtos/workarea/vision_apps/out/J722S/A53/LINUX/release/vx_app_conformance.out elf64-littleaarch64)
LOAD linker stubs

Cross Reference Table

Symbol                                            File
GLIBC_2.17                                        /lib/aarch64-linux-gnu/libc.so.6
                                                  /lib/aarch64-linux-gnu/libpthread.so.0
                                                  /lib/ld-linux-aarch64.so.1
                                                  /usr/lib/gcc/aarch64-linux-gnu/12/../../../aarch64-linux-gnu/libm.so
GLIBC_2.18                                        /lib/aarch64-linux-gnu/libc.so.6
                                                  /lib/aarch64-linux-gnu/libpthread.so.0
                                                  /usr/lib/gcc/aarch64-linux-gnu/12/../../../aarch64-linux-gnu/libm.so
GLIBC_2.22                                        /lib/aarch64-linux-gnu/libc.so.6
GLIBC_2.23                                        /lib/aarch64-linux-gnu/libc.so.6
                                                  /usr/lib/gcc/aarch64-linux-gnu/12/../../../aarch64-linux-gnu/libm.so
GLIBC_2.24                                        /lib/aarch64-linux-gnu/libc.so.6
                                                  /usr/lib/gcc/aarch64-linux-gnu/12/../../../aarch64-linux-gnu/libm.so
GLIBC_2.25                                        /lib/aarch64-linux-gnu/libc.so.6
                                                  /usr/lib/gcc/aarch64-linux-gnu/12/../../../aarch64-linux-gnu/libm.so
GLIBC_2.26                                        /lib/aarch64-linux-gnu/libc.so.6
GLIBC_2.27                                        /lib/aarch64-linux-gnu/libc.so.6
                                                  /usr/lib/gcc/aarch64-linux-gnu/12/../../../aarch64-linux-gnu/libm.so
GLIBC_2.28                                        /lib/aarch64-linux-gnu/libc.so.6
                                                  /lib/aarch64-linux-gnu/libpthread.so.0
                                                  /usr/lib/gcc/aarch64-linux-gnu/12/../../../aarch64-linux-gnu/libm.so
GLIBC_2.29                                        /lib/aarch64-linux-gnu/libc.so.6
                                                  /usr/lib/gcc/aarch64-linux-gnu/12/../../../aarch64-linux-gnu/libm.so
GLIBC_2.30                                        /lib/aarch64-linux-gnu/libc.so.6
                                                  /lib/aarch64-linux-gnu/libpthread.so.0
GLIBC_2.31                                        /lib/aarch64-linux-gnu/libc.so.6
                                                  /lib/aarch64-linux-gnu/libpthread.so.0
                                                  /usr/lib/gcc/aarch64-linux-gnu/12/../../../aarch64-linux-gnu/libm.so
GLIBC_2.32                                        /lib/aarch64-linux-gnu/libc.so.6
                                                  /usr/lib/gcc/aarch64-linux-gnu/12/../../../aarch64-linux-gnu/libm.so
GLIBC_2.33                                        /lib/aarch64-linux-gnu/libc.so.6
GLIBC_2.34                                        /lib/aarch64-linux-gnu/libc.so.6
                                                  /lib/ld-linux-aarch64.so.1
GLIBC_2.35                                        /lib/aarch64-linux-gnu/libc.so.6
                                                  /lib/ld-linux-aarch64.so.1
                                                  /usr/lib/gcc/aarch64-linux-gnu/12/../../../aarch64-linux-gnu/libm.so
GLIBC_2.36                                        /lib/aarch64-linux-gnu/libc.so.6
GLIBC_ABI_DT_RELR                                 /lib/aarch64-linux-gnu/libc.so.6
GLIBC_PRIVATE                                     /lib/aarch64-linux-gnu/libc.so.6
                                                  /lib/ld-linux-aarch64.so.1
LIBFFI_BASE_8.0                                   /lib/aarch64-linux-gnu/libffi.so.8
LIBFFI_CLOSURE_8.0                                /lib/aarch64-linux-gnu/libffi.so.8
LIBFFI_COMPLEX_8.0                                /lib/aarch64-linux-gnu/libffi.so.8
LIBFFI_GO_CLOSURE_8.0                             /lib/aarch64-linux-gnu/libffi.so.8
_DYNAMIC                                          /usr/lib/gcc/aarch64-linux-gnu/12/../../../aarch64-linux-gnu/Scrt1.o
_Exit                                             /lib/aarch64-linux-gnu/libc.so.6
_Exit@@GLIBC_2.17                                 /lib/aarch64-linux-gnu/libc.so.6
_Exit@GLIBC_2.17                                  /lib/aarch64-linux-gnu/libc.so.6
_GLOBAL_OFFSET_TABLE_                             /usr/lib/gcc/aarch64-linux-gnu/12/../../../aarch64-linux-gnu/Scrt1.o
_IO_flockfile                                     /lib/aarch64-linux-gnu/libc.so.6
_IO_flockfile@@GLIBC_2.17                         /lib/aarch64-linux-gnu/libc.so.6
_IO_flockfile@GLIBC_2.17                          /lib/aarch64-linux-gnu/libc.so.6
_IO_fprintf                                       /lib/aarch64-linux-gnu/libc.so.6
_IO_fprintf@@GLIBC_2.17                           /lib/aarch64-linux-gnu/libc.so.6
_IO_fprintf@GLIBC_2.17                            /lib/aarch64-linux-gnu/libc.so.6
_IO_ftrylockfile                                  /lib/aarch64-linux-gnu/libc.so.6
_IO_ftrylockfile@@GLIBC_2.17                      /lib/aarch64-linux-gnu/libc.so.6
_IO_ftrylockfile@GLIBC_2.17                       /lib/aarch64-linux-gnu/libc.so.6
_IO_funlockfile                                   /lib/aarch64-linux-gnu/libc.so.6
_IO_funlockfile@@GLIBC_2.17                       /lib/aarch64-linux-gnu/libc.so.6
_IO_funlockfile@GLIBC_2.17                        /lib/aarch64-linux-gnu/libc.so.6
_IO_stdin_used                                    /usr/lib/gcc/aarch64-linux-gnu/12/../../../aarch64-linux-gnu/Scrt1.o
_ITM_deregisterTMCloneTable                       /lib/aarch64-linux-gnu/libpthread.so.0
                                                  /lib/aarch64-linux-gnu/libffi.so.8
                                                  /lib/aarch64-linux-gnu/libexpat.so.1
                                                  /lib/aarch64-linux-gnu/libwayland-server.so.0
                                                  /lib/aarch64-linux-gnu/libdrm.so.2
                                                  /lib/aarch64-linux-gnu/libGLdispatch.so.0
                                                  /usr/lib/gcc/aarch64-linux-gnu/12/../../../aarch64-linux-gnu/libm.so
                                                  //usr/lib/libti_rpmsg_char.so.0
                                                  /lib/aarch64-linux-gnu/libgbm.so.1
                                                  /lib/aarch64-linux-gnu/libEGL.so.1
                                                  /lib/aarch64-linux-gnu/libGLESv2.so.2
                                                  /opt/psdk-rtos/workarea/vision_apps/out/J722S/A53/LINUX/release/libtivision_apps.so
                                                  /usr/lib/gcc/aarch64-linux-gnu/12/crtbeginS.o
_ITM_registerTMCloneTable                         /lib/aarch64-linux-gnu/libpthread.so.0
                                                  /lib/aarch64-linux-gnu/libffi.so.8
                                                  /lib/aarch64-linux-gnu/libexpat.so.1
                                                  /lib/aarch64-linux-gnu/libwayland-server.so.0
                                                  /lib/aarch64-linux-gnu/libdrm.so.2
                                                  /lib/aarch64-linux-gnu/libGLdispatch.so.0
                                                  /usr/lib/gcc/aarch64-linux-gnu/12/../../../aarch64-linux-gnu/libm.so
                                                  //usr/lib/libti_rpmsg_char.so.0
                                                  /lib/aarch64-linux-gnu/libgbm.so.1
                                                  /lib/aarch64-linux-gnu/libEGL.so.1
                                                  /lib/aarch64-linux-gnu/libGLESv2.so.2
                                                  /opt/psdk-rtos/workarea/vision_apps/out/J722S/A53/LINUX/release/libtivision_apps.so
                                                  /usr/lib/gcc/aarch64-linux-gnu/12/crtbeginS.o
__GNU_EH_FRAME_HDR                                /opt/psdk-rtos/workarea/vision_apps/out/J722S/A53/LINUX/release/vx_app_conformance.out
__TMC_END__                                       /usr/lib/gcc/aarch64-linux-gnu/12/crtendS.o
                                                  /usr/lib/gcc/aarch64-linux-gnu/12/crtbeginS.o
___brk_addr                                       /lib/aarch64-linux-gnu/libc.so.6
___brk_addr@@GLIBC_2.17                           /lib/aarch64-linux-gnu/libc.so.6
___brk_addr@GLIBC_2.17                            /lib/aarch64-linux-gnu/libc.so.6
__after_morecore_hook@GLIBC_2.17                  /lib/aarch64-linux-gnu/libc.so.6
__compat_bdflush                                  /lib/aarch64-linux-gnu/libc.so.6
__compat_create_module                            /lib/aarch64-linux-gnu/libc.so.6
__compat_get_kernel_syms                          /lib/aarch64-linux-gnu/libc.so.6
__compat_query_module                             /lib/aarch64-linux-gnu/libc.so.6
__compat_uselib                                   /lib/aarch64-linux-gnu/libc.so.6
__connect                                         /lib/aarch64-linux-gnu/libc.so.6
__connect@@GLIBC_2.17                             /lib/aarch64-linux-gnu/libc.so.6
__connect@GLIBC_2.17                              /lib/aarch64-linux-gnu/libc.so.6
__ctype_get_mb_cur_max                            /lib/aarch64-linux-gnu/libc.so.6
__ctype_get_mb_cur_max@@GLIBC_2.17                /lib/aarch64-linux-gnu/libc.so.6
__ctype_get_mb_cur_max@GLIBC_2.17                 /lib/aarch64-linux-gnu/libc.so.6
__data_start                                      /usr/lib/gcc/aarch64-linux-gnu/12/../../../aarch64-linux-gnu/Scrt1.o
__dso_handle                                      /usr/lib/gcc/aarch64-linux-gnu/12/crtbeginS.o
__fcntl                                           /lib/aarch64-linux-gnu/libc.so.6
__fcntl@@GLIBC_2.17                               /lib/aarch64-linux-gnu/libc.so.6
__fcntl@GLIBC_2.17                                /lib/aarch64-linux-gnu/libc.so.6
__free_hook@GLIBC_2.17                            /lib/aarch64-linux-gnu/libc.so.6
__gmon_start__                                    /lib/aarch64-linux-gnu/libpthread.so.0
                                                  /lib/aarch64-linux-gnu/libffi.so.8
                                                  /lib/aarch64-linux-gnu/libexpat.so.1
                                                  /lib/aarch64-linux-gnu/libwayland-server.so.0
                                                  /lib/aarch64-linux-gnu/libdrm.so.2
                                                  /lib/aarch64-linux-gnu/libGLdispatch.so.0
                                                  /usr/lib/gcc/aarch64-linux-gnu/12/../../../aarch64-linux-gnu/libm.so
                                                  //usr/lib/libti_rpmsg_char.so.0
                                                  /lib/aarch64-linux-gnu/libgbm.so.1
                                                  /lib/aarch64-linux-gnu/libEGL.so.1
                                                  /lib/aarch64-linux-gnu/libGLESv2.so.2
                                                  /opt/psdk-rtos/workarea/vision_apps/out/J722S/A53/LINUX/release/libtivision_apps.so
                                                  /usr/lib/gcc/aarch64-linux-gnu/12/../../../aarch64-linux-gnu/crti.o
__isascii_l                                       /lib/aarch64-linux-gnu/libc.so.6
__isascii_l@@GLIBC_2.17                           /lib/aarch64-linux-gnu/libc.so.6
__isascii_l@GLIBC_2.17                            /lib/aarch64-linux-gnu/libc.so.6
__libc_secure_getenv                              /lib/aarch64-linux-gnu/libc.so.6
__libc_secure_getenv@@GLIBC_PRIVATE               /lib/aarch64-linux-gnu/libc.so.6
__libc_secure_getenv@GLIBC_PRIVATE                /lib/aarch64-linux-gnu/libc.so.6
__malloc_hook@GLIBC_2.17                          /lib/aarch64-linux-gnu/libc.so.6
__memalign_hook@GLIBC_2.17                        /lib/aarch64-linux-gnu/libc.so.6
__open                                            /lib/aarch64-linux-gnu/libc.so.6
__open64                                          /lib/aarch64-linux-gnu/libc.so.6
__open64@@GLIBC_2.17                              /lib/aarch64-linux-gnu/libc.so.6
__open64@GLIBC_2.17                               /lib/aarch64-linux-gnu/libc.so.6
__open@@GLIBC_2.17                                /lib/aarch64-linux-gnu/libc.so.6
__open@GLIBC_2.17                                 /lib/aarch64-linux-gnu/libc.so.6
__pread64                                         /lib/aarch64-linux-gnu/libc.so.6
__pread64@@GLIBC_2.17                             /lib/aarch64-linux-gnu/libc.so.6
__pread64@GLIBC_2.17                              /lib/aarch64-linux-gnu/libc.so.6
__pwrite64                                        /lib/aarch64-linux-gnu/libc.so.6
__pwrite64@@GLIBC_2.17                            /lib/aarch64-linux-gnu/libc.so.6
__pwrite64@GLIBC_2.17                             /lib/aarch64-linux-gnu/libc.so.6
__realloc_hook@GLIBC_2.17                         /lib/aarch64-linux-gnu/libc.so.6
__recv                                            /lib/aarch64-linux-gnu/libc.so.6
__recv@@GLIBC_PRIVATE                             /lib/aarch64-linux-gnu/libc.so.6
__recv@GLIBC_PRIVATE                              /lib/aarch64-linux-gnu/libc.so.6
__statfs                                          /lib/aarch64-linux-gnu/libc.so.6
__statfs@@GLIBC_2.17                              /lib/aarch64-linux-gnu/libc.so.6
__statfs@GLIBC_2.17                               /lib/aarch64-linux-gnu/libc.so.6
__strtoll_l                                       /lib/aarch64-linux-gnu/libc.so.6
__strtoll_l@@GLIBC_2.17                           /lib/aarch64-linux-gnu/libc.so.6
__strtoll_l@GLIBC_2.17                            /lib/aarch64-linux-gnu/libc.so.6
__strtoull_l                                      /lib/aarch64-linux-gnu/libc.so.6
__strtoull_l@@GLIBC_2.17                          /lib/aarch64-linux-gnu/libc.so.6
__strtoull_l@GLIBC_2.17                           /lib/aarch64-linux-gnu/libc.so.6
__toascii_l                                       /lib/aarch64-linux-gnu/libc.so.6
__toascii_l@@GLIBC_2.17                           /lib/aarch64-linux-gnu/libc.so.6
__toascii_l@GLIBC_2.17                            /lib/aarch64-linux-gnu/libc.so.6
__vsnprintf                                       /lib/aarch64-linux-gnu/libc.so.6
__vsnprintf@@GLIBC_2.17                           /lib/aarch64-linux-gnu/libc.so.6
__vsnprintf@GLIBC_2.17                            /lib/aarch64-linux-gnu/libc.so.6
__vsscanf                                         /lib/aarch64-linux-gnu/libc.so.6
__vsscanf@@GLIBC_2.17                             /lib/aarch64-linux-gnu/libc.so.6
__vsscanf@GLIBC_2.17                              /lib/aarch64-linux-gnu/libc.so.6
__wcstoll_l                                       /lib/aarch64-linux-gnu/libc.so.6
__wcstoll_l@@GLIBC_2.17                           /lib/aarch64-linux-gnu/libc.so.6
__wcstoll_l@GLIBC_2.17                            /lib/aarch64-linux-gnu/libc.so.6
__wcstoull_l                                      /lib/aarch64-linux-gnu/libc.so.6
__wcstoull_l@@GLIBC_2.17                          /lib/aarch64-linux-gnu/libc.so.6
__wcstoull_l@GLIBC_2.17                           /lib/aarch64-linux-gnu/libc.so.6
__write                                           /lib/aarch64-linux-gnu/libc.so.6
__write@@GLIBC_2.17                               /lib/aarch64-linux-gnu/libc.so.6
__write@GLIBC_2.17                                /lib/aarch64-linux-gnu/libc.so.6
__xpg_sigpause                                    /lib/aarch64-linux-gnu/libc.so.6
__xpg_sigpause@@GLIBC_2.17                        /lib/aarch64-linux-gnu/libc.so.6
__xpg_sigpause@GLIBC_2.17                         /lib/aarch64-linux-gnu/libc.so.6
_environ                                          /lib/aarch64-linux-gnu/libc.so.6
_environ@@GLIBC_2.17                              /lib/aarch64-linux-gnu/libc.so.6
_environ@GLIBC_2.17                               /lib/aarch64-linux-gnu/libc.so.6
_fini                                             /usr/lib/gcc/aarch64-linux-gnu/12/../../../aarch64-linux-gnu/crti.o
_flushlbf                                         /lib/aarch64-linux-gnu/libc.so.6
_flushlbf@@GLIBC_2.17                             /lib/aarch64-linux-gnu/libc.so.6
_flushlbf@GLIBC_2.17                              /lib/aarch64-linux-gnu/libc.so.6
_init                                             /usr/lib/gcc/aarch64-linux-gnu/12/../../../aarch64-linux-gnu/crti.o
_longjmp                                          /lib/aarch64-linux-gnu/libc.so.6
_longjmp@@GLIBC_2.17                              /lib/aarch64-linux-gnu/libc.so.6
_longjmp@GLIBC_2.17                               /lib/aarch64-linux-gnu/libc.so.6
_start                                            /usr/lib/gcc/aarch64-linux-gnu/12/../../../aarch64-linux-gnu/Scrt1.o
access                                            /lib/aarch64-linux-gnu/libc.so.6
access@@GLIBC_2.17                                /lib/aarch64-linux-gnu/libc.so.6
access@GLIBC_2.17                                 /lib/aarch64-linux-gnu/libc.so.6
                                                  /lib/aarch64-linux-gnu/libffi.so.8
                                                  /lib/aarch64-linux-gnu/libdrm.so.2
acos                                              /usr/lib/gcc/aarch64-linux-gnu/12/../../../aarch64-linux-gnu/libm.so
acos@@GLIBC_2.17                                  /usr/lib/gcc/aarch64-linux-gnu/12/../../../aarch64-linux-gnu/libm.so
acos@GLIBC_2.17                                   /usr/lib/gcc/aarch64-linux-gnu/12/../../../aarch64-linux-gnu/libm.so
acosf                                             /usr/lib/gcc/aarch64-linux-gnu/12/../../../aarch64-linux-gnu/libm.so
acosf128                                          /usr/lib/gcc/aarch64-linux-gnu/12/../../../aarch64-linux-gnu/libm.so
acosf128@@GLIBC_2.27                              /usr/lib/gcc/aarch64-linux-gnu/12/../../../aarch64-linux-gnu/libm.so
acosf128@GLIBC_2.27                               /usr/lib/gcc/aarch64-linux-gnu/12/../../../aarch64-linux-gnu/libm.so
acosf32                                           /usr/lib/gcc/aarch64-linux-gnu/12/../../../aarch64-linux-gnu/libm.so
acosf32@@GLIBC_2.27                               /usr/lib/gcc/aarch64-linux-gnu/12/../../../aarch64-linux-gnu/libm.so
acosf32@GLIBC_2.27                                /usr/lib/gcc/aarch64-linux-gnu/12/../../../aarch64-linux-gnu/libm.so
acosf32x                                          /usr/lib/gcc/aarch64-linux-gnu/12/../../../aarch64-linux-gnu/libm.so
acosf32x@@GLIBC_2.27                              /usr/lib/gcc/aarch64-linux-gnu/12/../../../aarch64-linux-gnu/libm.so
acosf32x@GLIBC_2.27                               /usr/lib/gcc/aarch64-linux-gnu/12/../../../aarch64-linux-gnu/libm.so
acosf64                                           /usr/lib/gcc/aarch64-linux-gnu/12/../../../aarch64-linux-gnu/libm.so
acosf64@@GLIBC_2.27                               /usr/lib/gcc/aarch64-linux-gnu/12/../../../aarch64-linux-gnu/libm.so
acosf64@GLIBC_2.27                                /usr/lib/gcc/aarch64-linux-gnu/12/../../../aarch64-linux-gnu/libm.so
acosf64x                                          /usr/lib/gcc/aarch64-linux-gnu/12/../../../aarch64-linux-gnu/libm.so
acosf64x@@GLIBC_2.27                              /usr/lib/gcc/aarch64-linux-gnu/12/../../../aarch64-linux-gnu/libm.so
acosf64x@GLIBC_2.27                               /usr/lib/gcc/aarch64-linux-gnu/12/../../../aarch64-linux-gnu/libm.so
acosf@@GLIBC_2.17                                 /usr/lib/gcc/aarch64-linux-gnu/12/../../../aarch64-linux-gnu/libm.so
acosf@GLIBC_2.17                                  /usr/lib/gcc/aarch64-linux-gnu/12/../../../aarch64-linux-gnu/libm.so
acosh                                             /usr/lib/gcc/aarch64-linux-gnu/12/../../../aarch64-linux-gnu/libm.so
acosh@@GLIBC_2.17                                 /usr/lib/gcc/aarch64-linux-gnu/12/../../../aarch64-linux-gnu/libm.so
acosh@GLIBC_2.17                                  /usr/lib/gcc/aarch64-linux-gnu/12/../../../aarch64-linux-gnu/libm.so
acoshf                                            /usr/lib/gcc/aarch64-linux-gnu/12/../../../aarch64-linux-gnu/libm.so
acoshf128                                         /usr/lib/gcc/aarch64-linux-gnu/12/../../../aarch64-linux-gnu/libm.so
acoshf128@@GLIBC_2.27                             /usr/lib/gcc/aarch64-linux-gnu/12/../../../aarch64-linux-gnu/libm.so
acoshf128@GLIBC_2.27                              /usr/lib/gcc/aarch64-linux-gnu/12/../../../aarch64-linux-gnu/libm.so
acoshf32                                          /usr/lib/gcc/aarch64-linux-gnu/12/../../../aarch64-linux-gnu/libm.so
acoshf32@@GLIBC_2.27                              /usr/lib/gcc/aarch64-linux-gnu/12/../../../aarch64-linux-gnu/libm.so
acoshf32@GLIBC_2.27                               /usr/lib/gcc/aarch64-linux-gnu/12/../../../aarch64-linux-gnu/libm.so
acoshf32x                                         /usr/lib/gcc/aarch64-linux-gnu/12/../../../aarch64-linux-gnu/libm.so
acoshf32x@@GLIBC_2.27                             /usr/lib/gcc/aarch64-linux-gnu/12/../../../aarch64-linux-gnu/libm.so
acoshf32x@GLIBC_2.27                              /usr/lib/gcc/aarch64-linux-gnu/12/../../../aarch64-linux-gnu/libm.so
acoshf64                                          /usr/lib/gcc/aarch64-linux-gnu/12/../../../aarch64-linux-gnu/libm.so
acoshf64@@GLIBC_2.27                              /usr/lib/gcc/aarch64-linux-gnu/12/../../../aarch64-linux-gnu/libm.so
acoshf64@GLIBC_2.27                               /usr/lib/gcc/aarch64-linux-gnu/12/../../../aarch64-linux-gnu/libm.so
acoshf64x                                         /usr/lib/gcc/aarch64-linux-gnu/12/../../../aarch64-linux-gnu/libm.so
acoshf64x@@GLIBC_2.27                             /usr/lib/gcc/aarch64-linux-gnu/12/../../../aarch64-linux-gnu/libm.so
acoshf64x@GLIBC_2.27                              /usr/lib/gcc/aarch64-linux-gnu/12/../../../aarch64-linux-gnu/libm.so
acoshf@@GLIBC_2.17                                /usr/lib/gcc/aarch64-linux-gnu/12/../../../aarch64-linux-gnu/libm.so
acoshf@GLIBC_2.17                                 /usr/lib/gcc/aarch64-linux-gnu/12/../../../aarch64-linux-gnu/libm.so
acoshl                                            /usr/lib/gcc/aarch64-linux-gnu/12/../../../aarch64-linux-gnu/libm.so
acoshl@@GLIBC_2.17                                /usr/lib/gcc/aarch64-linux-gnu/12/../../../aarch64-linux-gnu/libm.so
acoshl@GLIBC_2.17                                 /usr/lib/gcc/aarch64-linux-gnu/12/../../../aarch64-linux-gnu/libm.so
acosl                                             /usr/lib/gcc/aarch64-linux-gnu/12/../../../aarch64-linux-gnu/libm.so
acosl@@GLIBC_2.17                                 /usr/lib/gcc/aarch64-linux-gnu/12/../../../aarch64-linux-gnu/libm.so
acosl@GLIBC_2.17                                  /usr/lib/gcc/aarch64-linux-gnu/12/../../../aarch64-linux-gnu/libm.so
addmntent                                         /lib/aarch64-linux-gnu/libc.so.6
addmntent@@GLIBC_2.17                             /lib/aarch64-linux-gnu/libc.so.6
addmntent@GLIBC_2.17                              /lib/aarch64-linux-gnu/libc.so.6
addseverity                                       /lib/aarch64-linux-gnu/libc.so.6
addseverity@@GLIBC_2.17                           /lib/aarch64-linux-gnu/libc.so.6
addseverity@GLIBC_2.17                            /lib/aarch64-linux-gnu/libc.so.6
adjtime                                           /lib/aarch64-linux-gnu/libc.so.6
adjtime@@GLIBC_2.17                               /lib/aarch64-linux-gnu/libc.so.6
adjtime@GLIBC_2.17                                /lib/aarch64-linux-gnu/libc.so.6
adjtimex                                          /lib/aarch64-linux-gnu/libc.so.6
adjtimex@@GLIBC_2.17                              /lib/aarch64-linux-gnu/libc.so.6
adjtimex@GLIBC_2.17                               /lib/aarch64-linux-gnu/libc.so.6
advance@GLIBC_2.17                                /lib/aarch64-linux-gnu/libc.so.6
aligned_alloc                                     /lib/aarch64-linux-gnu/libc.so.6
aligned_alloc@@GLIBC_2.17                         /lib/aarch64-linux-gnu/libc.so.6
aligned_alloc@GLIBC_2.17                          /lib/aarch64-linux-gnu/libc.so.6
alphasort                                         /lib/aarch64-linux-gnu/libc.so.6
alphasort64                                       /lib/aarch64-linux-gnu/libc.so.6
alphasort64@@GLIBC_2.17                           /lib/aarch64-linux-gnu/libc.so.6
alphasort64@GLIBC_2.17                            /lib/aarch64-linux-gnu/libc.so.6
                                                  /lib/aarch64-linux-gnu/libgbm.so.1
alphasort@@GLIBC_2.17                             /lib/aarch64-linux-gnu/libc.so.6
alphasort@GLIBC_2.17                              /lib/aarch64-linux-gnu/libc.so.6
arc4random                                        /lib/aarch64-linux-gnu/libc.so.6
arc4random@@GLIBC_2.36                            /lib/aarch64-linux-gnu/libc.so.6
arc4random@GLIBC_2.36                             /lib/aarch64-linux-gnu/libc.so.6
arc4random_buf                                    /lib/aarch64-linux-gnu/libc.so.6
arc4random_buf@@GLIBC_2.36                        /lib/aarch64-linux-gnu/libc.so.6
arc4random_buf@GLIBC_2.36                         /lib/aarch64-linux-gnu/libc.so.6
arc4random_uniform                                /lib/aarch64-linux-gnu/libc.so.6
arc4random_uniform@@GLIBC_2.36                    /lib/aarch64-linux-gnu/libc.so.6
arc4random_uniform@GLIBC_2.36                     /lib/aarch64-linux-gnu/libc.so.6
argp_error                                        /lib/aarch64-linux-gnu/libc.so.6
argp_error@@GLIBC_2.17                            /lib/aarch64-linux-gnu/libc.so.6
argp_error@GLIBC_2.17                             /lib/aarch64-linux-gnu/libc.so.6
argp_failure                                      /lib/aarch64-linux-gnu/libc.so.6
argp_failure@@GLIBC_2.17                          /lib/aarch64-linux-gnu/libc.so.6
argp_failure@GLIBC_2.17                           /lib/aarch64-linux-gnu/libc.so.6
argp_help                                         /lib/aarch64-linux-gnu/libc.so.6
argp_help@@GLIBC_2.17                             /lib/aarch64-linux-gnu/libc.so.6
argp_help@GLIBC_2.17                              /lib/aarch64-linux-gnu/libc.so.6
argp_parse                                        /lib/aarch64-linux-gnu/libc.so.6
argp_parse@@GLIBC_2.17                            /lib/aarch64-linux-gnu/libc.so.6
argp_parse@GLIBC_2.17                             /lib/aarch64-linux-gnu/libc.so.6
argp_state_help                                   /lib/aarch64-linux-gnu/libc.so.6
argp_state_help@@GLIBC_2.17                       /lib/aarch64-linux-gnu/libc.so.6
argp_state_help@GLIBC_2.17                        /lib/aarch64-linux-gnu/libc.so.6
argp_usage                                        /lib/aarch64-linux-gnu/libc.so.6
argp_usage@@GLIBC_2.17                            /lib/aarch64-linux-gnu/libc.so.6
argp_usage@GLIBC_2.17                             /lib/aarch64-linux-gnu/libc.so.6
argz_add                                          /lib/aarch64-linux-gnu/libc.so.6
argz_add@@GLIBC_2.17                              /lib/aarch64-linux-gnu/libc.so.6
argz_add@GLIBC_2.17                               /lib/aarch64-linux-gnu/libc.so.6
argz_add_sep                                      /lib/aarch64-linux-gnu/libc.so.6
argz_add_sep@@GLIBC_2.17                          /lib/aarch64-linux-gnu/libc.so.6
argz_add_sep@GLIBC_2.17                           /lib/aarch64-linux-gnu/libc.so.6
argz_append                                       /lib/aarch64-linux-gnu/libc.so.6
argz_append@@GLIBC_2.17                           /lib/aarch64-linux-gnu/libc.so.6
argz_append@GLIBC_2.17                            /lib/aarch64-linux-gnu/libc.so.6
argz_count                                        /lib/aarch64-linux-gnu/libc.so.6
argz_count@@GLIBC_2.17                            /lib/aarch64-linux-gnu/libc.so.6
argz_count@GLIBC_2.17                             /lib/aarch64-linux-gnu/libc.so.6
argz_create                                       /lib/aarch64-linux-gnu/libc.so.6
argz_create@@GLIBC_2.17                           /lib/aarch64-linux-gnu/libc.so.6
argz_create@GLIBC_2.17                            /lib/aarch64-linux-gnu/libc.so.6
argz_create_sep                                   /lib/aarch64-linux-gnu/libc.so.6
argz_create_sep@@GLIBC_2.17                       /lib/aarch64-linux-gnu/libc.so.6
argz_create_sep@GLIBC_2.17                        /lib/aarch64-linux-gnu/libc.so.6
argz_extract                                      /lib/aarch64-linux-gnu/libc.so.6
argz_extract@@GLIBC_2.17                          /lib/aarch64-linux-gnu/libc.so.6
argz_extract@GLIBC_2.17                           /lib/aarch64-linux-gnu/libc.so.6
argz_insert                                       /lib/aarch64-linux-gnu/libc.so.6
argz_insert@@GLIBC_2.17                           /lib/aarch64-linux-gnu/libc.so.6
argz_insert@GLIBC_2.17                            /lib/aarch64-linux-gnu/libc.so.6
argz_next                                         /lib/aarch64-linux-gnu/libc.so.6
argz_next@@GLIBC_2.17                             /lib/aarch64-linux-gnu/libc.so.6
argz_next@GLIBC_2.17                              /lib/aarch64-linux-gnu/libc.so.6
argz_replace                                      /lib/aarch64-linux-gnu/libc.so.6
argz_replace@@GLIBC_2.17                          /lib/aarch64-linux-gnu/libc.so.6
argz_replace@GLIBC_2.17                           /lib/aarch64-linux-gnu/libc.so.6
argz_stringify                                    /lib/aarch64-linux-gnu/libc.so.6
argz_stringify@@GLIBC_2.17                        /lib/aarch64-linux-gnu/libc.so.6
argz_stringify@GLIBC_2.17                         /lib/aarch64-linux-gnu/libc.so.6
asctime_r                                         /lib/aarch64-linux-gnu/libc.so.6
asctime_r@@GLIBC_2.17                             /lib/aarch64-linux-gnu/libc.so.6
asctime_r@GLIBC_2.17                              /lib/aarch64-linux-gnu/libc.so.6
asin                                              /usr/lib/gcc/aarch64-linux-gnu/12/../../../aarch64-linux-gnu/libm.so
asin@@GLIBC_2.17                                  /usr/lib/gcc/aarch64-linux-gnu/12/../../../aarch64-linux-gnu/libm.so
asin@GLIBC_2.17                                   /usr/lib/gcc/aarch64-linux-gnu/12/../../../aarch64-linux-gnu/libm.so
asinf                                             /usr/lib/gcc/aarch64-linux-gnu/12/../../../aarch64-linux-gnu/libm.so
asinf128                                          /usr/lib/gcc/aarch64-linux-gnu/12/../../../aarch64-linux-gnu/libm.so
asinf128@@GLIBC_2.27                              /usr/lib/gcc/aarch64-linux-gnu/12/../../../aarch64-linux-gnu/libm.so
asinf128@GLIBC_2.27                               /usr/lib/gcc/aarch64-linux-gnu/12/../../../aarch64-linux-gnu/libm.so
asinf32                                           /usr/lib/gcc/aarch64-linux-gnu/12/../../../aarch64-linux-gnu/libm.so
asinf32@@GLIBC_2.27                               /usr/lib/gcc/aarch64-linux-gnu/12/../../../aarch64-linux-gnu/libm.so
asinf32@GLIBC_2.27                                /usr/lib/gcc/aarch64-linux-gnu/12/../../../aarch64-linux-gnu/libm.so
asinf32x                                          /usr/lib/gcc/aarch64-linux-gnu/12/../../../aarch64-linux-gnu/libm.so
asinf32x@@GLIBC_2.27                              /usr/lib/gcc/aarch64-linux-gnu/12/../../../aarch64-linux-gnu/libm.so
asinf32x@GLIBC_2.27                               /usr/lib/gcc/aarch64-linux-gnu/12/../../../aarch64-linux-gnu/libm.so
asinf64                                           /usr/lib/gcc/aarch64-linux-gnu/12/../../../aarch64-linux-gnu/libm.so
asinf64@@GLIBC_2.27                               /usr/lib/gcc/aarch64-linux-gnu/12/../../../aarch64-linux-gnu/libm.so
asinf64@GLIBC_2.27                                /usr/lib/gcc/aarch64-linux-gnu/12/../../../aarch64-linux-gnu/libm.so
asinf64x                                          /usr/lib/gcc/aarch64-linux-gnu/12/../../../aarch64-linux-gnu/libm.so
asinf64x@@GLIBC_2.27                              /usr/lib/gcc/aarch64-linux-gnu/12/../../../aarch64-linux-gnu/libm.so
asinf64x@GLIBC_2.27                               /usr/lib/gcc/aarch64-linux-gnu/12/../../../aarch64-linux-gnu/libm.so
asinf@@GLIBC_2.17                                 /usr/lib/gcc/aarch64-linux-gnu/12/../../../aarch64-linux-gnu/libm.so
asinf@GLIBC_2.17                                  /usr/lib/gcc/aarch64-linux-gnu/12/../../../aarch64-linux-gnu/libm.so
asinh                                             /usr/lib/gcc/aarch64-linux-gnu/12/../../../aarch64-linux-gnu/libm.so
asinh@@GLIBC_2.17                                 /usr/lib/gcc/aarch64-linux-gnu/12/../../../aarch64-linux-gnu/libm.so
asinh@GLIBC_2.17                                  /usr/lib/gcc/aarch64-linux-gnu/12/../../../aarch64-linux-gnu/libm.so
asinhf                                            /usr/lib/gcc/aarch64-linux-gnu/12/../../../aarch64-linux-gnu/libm.so
asinhf128                                         /usr/lib/gcc/aarch64-linux-gnu/12/../../../aarch64-linux-gnu/libm.so
asinhf128@@GLIBC_2.27                             /usr/lib/gcc/aarch64-linux-gnu/12/../../../aarch64-linux-gnu/libm.so
asinhf128@GLIBC_2.27                              /usr/lib/gcc/aarch64-linux-gnu/12/../../../aarch64-linux-gnu/libm.so
asinhf32                                          /usr/lib/gcc/aarch64-linux-gnu/12/../../../aarch64-linux-gnu/libm.so
asinhf32@@GLIBC_2.27                              /usr/lib/gcc/aarch64-linux-gnu/12/../../../aarch64-linux-gnu/libm.so
asinhf32@GLIBC_2.27                               /usr/lib/gcc/aarch64-linux-gnu/12/../../../aarch64-linux-gnu/libm.so
asinhf32x                                         /usr/lib/gcc/aarch64-linux-gnu/12/../../../aarch64-linux-gnu/libm.so
asinhf32x@@GLIBC_2.27                             /usr/lib/gcc/aarch64-linux-gnu/12/../../../aarch64-linux-gnu/libm.so
asinhf32x@GLIBC_2.27                              /usr/lib/gcc/aarch64-linux-gnu/12/../../../aarch64-linux-gnu/libm.so
asinhf64                                          /usr/lib/gcc/aarch64-linux-gnu/12/../../../aarch64-linux-gnu/libm.so
asinhf64@@GLIBC_2.27                              /usr/lib/gcc/aarch64-linux-gnu/12/../../../aarch64-linux-gnu/libm.so
asinhf64@GLIBC_2.27                               /usr/lib/gcc/aarch64-linux-gnu/12/../../../aarch64-linux-gnu/libm.so
asinhf64x                                         /usr/lib/gcc/aarch64-linux-gnu/12/../../../aarch64-linux-gnu/libm.so
asinhf64x@@GLIBC_2.27                             /usr/lib/gcc/aarch64-linux-gnu/12/../../../aarch64-linux-gnu/libm.so
asinhf64x@GLIBC_2.27                              /usr/lib/gcc/aarch64-linux-gnu/12/../../../aarch64-linux-gnu/libm.so
asinhf@@GLIBC_2.17                                /usr/lib/gcc/aarch64-linux-gnu/12/../../../aarch64-linux-gnu/libm.so
asinhf@GLIBC_2.17                                 /usr/lib/gcc/aarch64-linux-gnu/12/../../../aarch64-linux-gnu/libm.so
asinhl                                            /usr/lib/gcc/aarch64-linux-gnu/12/../../../aarch64-linux-gnu/libm.so
asinhl@@GLIBC_2.17                                /usr/lib/gcc/aarch64-linux-gnu/12/../../../aarch64-linux-gnu/libm.so
asinhl@GLIBC_2.17                                 /usr/lib/gcc/aarch64-linux-gnu/12/../../../aarch64-linux-gnu/libm.so
asinl                                             /usr/lib/gcc/aarch64-linux-gnu/12/../../../aarch64-linux-gnu/libm.so
asinl@@GLIBC_2.17                                 /usr/lib/gcc/aarch64-linux-gnu/12/../../../aarch64-linux-gnu/libm.so
asinl@GLIBC_2.17                                  /usr/lib/gcc/aarch64-linux-gnu/12/../../../aarch64-linux-gnu/libm.so
asprintf                                          /lib/aarch64-linux-gnu/libc.so.6
asprintf@@GLIBC_2.17                              /lib/aarch64-linux-gnu/libc.so.6
asprintf@GLIBC_2.17                               /lib/aarch64-linux-gnu/libc.so.6
atan                                              /usr/lib/gcc/aarch64-linux-gnu/12/../../../aarch64-linux-gnu/libm.so
atan2                                             /usr/lib/gcc/aarch64-linux-gnu/12/../../../aarch64-linux-gnu/libm.so
atan2@@GLIBC_2.17                                 /usr/lib/gcc/aarch64-linux-gnu/12/../../../aarch64-linux-gnu/libm.so
atan2@GLIBC_2.17                                  /usr/lib/gcc/aarch64-linux-gnu/12/../../../aarch64-linux-gnu/libm.so
                                                  /opt/psdk-rtos/workarea/vision_apps/out/J722S/A53/LINUX/release/libtivision_apps.so
atan2f                                            /usr/lib/gcc/aarch64-linux-gnu/12/../../../aarch64-linux-gnu/libm.so
atan2f128                                         /usr/lib/gcc/aarch64-linux-gnu/12/../../../aarch64-linux-gnu/libm.so
atan2f128@@GLIBC_2.27                             /usr/lib/gcc/aarch64-linux-gnu/12/../../../aarch64-linux-gnu/libm.so
atan2f128@GLIBC_2.27                              /usr/lib/gcc/aarch64-linux-gnu/12/../../../aarch64-linux-gnu/libm.so
atan2f32                                          /usr/lib/gcc/aarch64-linux-gnu/12/../../../aarch64-linux-gnu/libm.so
atan2f32@@GLIBC_2.27                              /usr/lib/gcc/aarch64-linux-gnu/12/../../../aarch64-linux-gnu/libm.so
atan2f32@GLIBC_2.27                               /usr/lib/gcc/aarch64-linux-gnu/12/../../../aarch64-linux-gnu/libm.so
atan2f32x                                         /usr/lib/gcc/aarch64-linux-gnu/12/../../../aarch64-linux-gnu/libm.so
atan2f32x@@GLIBC_2.27                             /usr/lib/gcc/aarch64-linux-gnu/12/../../../aarch64-linux-gnu/libm.so
atan2f32x@GLIBC_2.27                              /usr/lib/gcc/aarch64-linux-gnu/12/../../../aarch64-linux-gnu/libm.so
atan2f64                                          /usr/lib/gcc/aarch64-linux-gnu/12/../../../aarch64-linux-gnu/libm.so
atan2f64@@GLIBC_2.27                              /usr/lib/gcc/aarch64-linux-gnu/12/../../../aarch64-linux-gnu/libm.so
atan2f64@GLIBC_2.27                               /usr/lib/gcc/aarch64-linux-gnu/12/../../../aarch64-linux-gnu/libm.so
atan2f64x                                         /usr/lib/gcc/aarch64-linux-gnu/12/../../../aarch64-linux-gnu/libm.so
atan2f64x@@GLIBC_2.27                             /usr/lib/gcc/aarch64-linux-gnu/12/../../../aarch64-linux-gnu/libm.so
atan2f64x@GLIBC_2.27                              /usr/lib/gcc/aarch64-linux-gnu/12/../../../aarch64-linux-gnu/libm.so
atan2f@@GLIBC_2.17                                /usr/lib/gcc/aarch64-linux-gnu/12/../../../aarch64-linux-gnu/libm.so
atan2f@GLIBC_2.17                                 /usr/lib/gcc/aarch64-linux-gnu/12/../../../aarch64-linux-gnu/libm.so
atan2l                                            /usr/lib/gcc/aarch64-linux-gnu/12/../../../aarch64-linux-gnu/libm.so
atan2l@@GLIBC_2.17                                /usr/lib/gcc/aarch64-linux-gnu/12/../../../aarch64-linux-gnu/libm.so
atan2l@GLIBC_2.17                                 /usr/lib/gcc/aarch64-linux-gnu/12/../../../aarch64-linux-gnu/libm.so
atan@@GLIBC_2.17                                  /usr/lib/gcc/aarch64-linux-gnu/12/../../../aarch64-linux-gnu/libm.so
atan@GLIBC_2.17                                   /usr/lib/gcc/aarch64-linux-gnu/12/../../../aarch64-linux-gnu/libm.so
atanf                                             /usr/lib/gcc/aarch64-linux-gnu/12/../../../aarch64-linux-gnu/libm.so
atanf128                                          /usr/lib/gcc/aarch64-linux-gnu/12/../../../aarch64-linux-gnu/libm.so
atanf128@@GLIBC_2.27                              /usr/lib/gcc/aarch64-linux-gnu/12/../../../aarch64-linux-gnu/libm.so
atanf128@GLIBC_2.27                               /usr/lib/gcc/aarch64-linux-gnu/12/../../../aarch64-linux-gnu/libm.so
atanf32                                           /usr/lib/gcc/aarch64-linux-gnu/12/../../../aarch64-linux-gnu/libm.so
atanf32@@GLIBC_2.27                               /usr/lib/gcc/aarch64-linux-gnu/12/../../../aarch64-linux-gnu/libm.so
atanf32@GLIBC_2.27                                /usr/lib/gcc/aarch64-linux-gnu/12/../../../aarch64-linux-gnu/libm.so
atanf32x                                          /usr/lib/gcc/aarch64-linux-gnu/12/../../../aarch64-linux-gnu/libm.so
atanf32x@@GLIBC_2.27                              /usr/lib/gcc/aarch64-linux-gnu/12/../../../aarch64-linux-gnu/libm.so
atanf32x@GLIBC_2.27                               /usr/lib/gcc/aarch64-linux-gnu/12/../../../aarch64-linux-gnu/libm.so
atanf64                                           /usr/lib/gcc/aarch64-linux-gnu/12/../../../aarch64-linux-gnu/libm.so
atanf64@@GLIBC_2.27                               /usr/lib/gcc/aarch64-linux-gnu/12/../../../aarch64-linux-gnu/libm.so
atanf64@GLIBC_2.27                                /usr/lib/gcc/aarch64-linux-gnu/12/../../../aarch64-linux-gnu/libm.so
atanf64x                                          /usr/lib/gcc/aarch64-linux-gnu/12/../../../aarch64-linux-gnu/libm.so
atanf64x@@GLIBC_2.27                              /usr/lib/gcc/aarch64-linux-gnu/12/../../../aarch64-linux-gnu/libm.so
atanf64x@GLIBC_2.27                               /usr/lib/gcc/aarch64-linux-gnu/12/../../../aarch64-linux-gnu/libm.so
atanf@@GLIBC_2.17                                 /usr/lib/gcc/aarch64-linux-gnu/12/../../../aarch64-linux-gnu/libm.so
atanf@GLIBC_2.17                                  /usr/lib/gcc/aarch64-linux-gnu/12/../../../aarch64-linux-gnu/libm.so
atanh                                             /usr/lib/gcc/aarch64-linux-gnu/12/../../../aarch64-linux-gnu/libm.so
atanh@@GLIBC_2.17                                 /usr/lib/gcc/aarch64-linux-gnu/12/../../../aarch64-linux-gnu/libm.so
atanh@GLIBC_2.17                                  /usr/lib/gcc/aarch64-linux-gnu/12/../../../aarch64-linux-gnu/libm.so
atanhf                                            /usr/lib/gcc/aarch64-linux-gnu/12/../../../aarch64-linux-gnu/libm.so
atanhf128                                         /usr/lib/gcc/aarch64-linux-gnu/12/../../../aarch64-linux-gnu/libm.so
atanhf128@@GLIBC_2.27                             /usr/lib/gcc/aarch64-linux-gnu/12/../../../aarch64-linux-gnu/libm.so
atanhf128@GLIBC_2.27                              /usr/lib/gcc/aarch64-linux-gnu/12/../../../aarch64-linux-gnu/libm.so
atanhf32                                          /usr/lib/gcc/aarch64-linux-gnu/12/../../../aarch64-linux-gnu/libm.so
atanhf32@@GLIBC_2.27                              /usr/lib/gcc/aarch64-linux-gnu/12/../../../aarch64-linux-gnu/libm.so
atanhf32@GLIBC_2.27                               /usr/lib/gcc/aarch64-linux-gnu/12/../../../aarch64-linux-gnu/libm.so
atanhf32x                                         /usr/lib/gcc/aarch64-linux-gnu/12/../../../aarch64-linux-gnu/libm.so
atanhf32x@@GLIBC_2.27                             /usr/lib/gcc/aarch64-linux-gnu/12/../../../aarch64-linux-gnu/libm.so
atanhf32x@GLIBC_2.27                              /usr/lib/gcc/aarch64-linux-gnu/12/../../../aarch64-linux-gnu/libm.so
atanhf64                                          /usr/lib/gcc/aarch64-linux-gnu/12/../../../aarch64-linux-gnu/libm.so
atanhf64@@GLIBC_2.27                              /usr/lib/gcc/aarch64-linux-gnu/12/../../../aarch64-linux-gnu/libm.so
atanhf64@GLIBC_2.27                               /usr/lib/gcc/aarch64-linux-gnu/12/../../../aarch64-linux-gnu/libm.so
atanhf64x                                         /usr/lib/gcc/aarch64-linux-gnu/12/../../../aarch64-linux-gnu/libm.so
atanhf64x@@GLIBC_2.27                             /usr/lib/gcc/aarch64-linux-gnu/12/../../../aarch64-linux-gnu/libm.so
atanhf64x@GLIBC_2.27                              /usr/lib/gcc/aarch64-linux-gnu/12/../../../aarch64-linux-gnu/libm.so
atanhf@@GLIBC_2.17                                /usr/lib/gcc/aarch64-linux-gnu/12/../../../aarch64-linux-gnu/libm.so
atanhf@GLIBC_2.17                                 /usr/lib/gcc/aarch64-linux-gnu/12/../../../aarch64-linux-gnu/libm.so
atanhl                                            /usr/lib/gcc/aarch64-linux-gnu/12/../../../aarch64-linux-gnu/libm.so
atanhl@@GLIBC_2.17                                /usr/lib/gcc/aarch64-linux-gnu/12/../../../aarch64-linux-gnu/libm.so
atanhl@GLIBC_2.17                                 /usr/lib/gcc/aarch64-linux-gnu/12/../../../aarch64-linux-gnu/libm.so
atanl                                             /usr/lib/gcc/aarch64-linux-gnu/12/../../../aarch64-linux-gnu/libm.so
atanl@@GLIBC_2.17                                 /usr/lib/gcc/aarch64-linux-gnu/12/../../../aarch64-linux-gnu/libm.so
atanl@GLIBC_2.17                                  /usr/lib/gcc/aarch64-linux-gnu/12/../../../aarch64-linux-gnu/libm.so
backtrace                                         /lib/aarch64-linux-gnu/libc.so.6
backtrace@@GLIBC_2.17                             /lib/aarch64-linux-gnu/libc.so.6
backtrace@GLIBC_2.17                              /lib/aarch64-linux-gnu/libc.so.6
backtrace_symbols                                 /lib/aarch64-linux-gnu/libc.so.6
backtrace_symbols@@GLIBC_2.17                     /lib/aarch64-linux-gnu/libc.so.6
backtrace_symbols@GLIBC_2.17                      /lib/aarch64-linux-gnu/libc.so.6
backtrace_symbols_fd                              /lib/aarch64-linux-gnu/libc.so.6
backtrace_symbols_fd@@GLIBC_2.17                  /lib/aarch64-linux-gnu/libc.so.6
backtrace_symbols_fd@GLIBC_2.17                   /lib/aarch64-linux-gnu/libc.so.6
basename                                          /lib/aarch64-linux-gnu/libc.so.6
basename@@GLIBC_2.17                              /lib/aarch64-linux-gnu/libc.so.6
basename@GLIBC_2.17                               /lib/aarch64-linux-gnu/libc.so.6
bcmp                                              /lib/aarch64-linux-gnu/libc.so.6
bcmp@@GLIBC_2.17                                  /lib/aarch64-linux-gnu/libc.so.6
bcmp@GLIBC_2.17                                   /lib/aarch64-linux-gnu/libc.so.6
bind                                              /lib/aarch64-linux-gnu/libc.so.6
bind@@GLIBC_2.17                                  /lib/aarch64-linux-gnu/libc.so.6
bind@GLIBC_2.17                                   /lib/aarch64-linux-gnu/libc.so.6
                                                  /lib/aarch64-linux-gnu/libwayland-server.so.0
                                                  /opt/psdk-rtos/workarea/vision_apps/out/J722S/A53/LINUX/release/libtivision_apps.so
bind_textdomain_codeset                           /lib/aarch64-linux-gnu/libc.so.6
bind_textdomain_codeset@@GLIBC_2.17               /lib/aarch64-linux-gnu/libc.so.6
bind_textdomain_codeset@GLIBC_2.17                /lib/aarch64-linux-gnu/libc.so.6
bindtextdomain                                    /lib/aarch64-linux-gnu/libc.so.6
bindtextdomain@@GLIBC_2.17                        /lib/aarch64-linux-gnu/libc.so.6
bindtextdomain@GLIBC_2.17                         /lib/aarch64-linux-gnu/libc.so.6
brk                                               /lib/aarch64-linux-gnu/libc.so.6
brk@@GLIBC_2.17                                   /lib/aarch64-linux-gnu/libc.so.6
brk@GLIBC_2.17                                    /lib/aarch64-linux-gnu/libc.so.6
bsd_signal                                        /lib/aarch64-linux-gnu/libc.so.6
bsd_signal@@GLIBC_2.17                            /lib/aarch64-linux-gnu/libc.so.6
bsd_signal@GLIBC_2.17                             /lib/aarch64-linux-gnu/libc.so.6
btowc                                             /lib/aarch64-linux-gnu/libc.so.6
btowc@@GLIBC_2.17                                 /lib/aarch64-linux-gnu/libc.so.6
btowc@GLIBC_2.17                                  /lib/aarch64-linux-gnu/libc.so.6
bzero                                             /lib/aarch64-linux-gnu/libc.so.6
bzero@@GLIBC_2.17                                 /lib/aarch64-linux-gnu/libc.so.6
bzero@GLIBC_2.17                                  /lib/aarch64-linux-gnu/libc.so.6
cabs                                              /usr/lib/gcc/aarch64-linux-gnu/12/../../../aarch64-linux-gnu/libm.so
cabs@@GLIBC_2.17                                  /usr/lib/gcc/aarch64-linux-gnu/12/../../../aarch64-linux-gnu/libm.so
cabs@GLIBC_2.17                                   /usr/lib/gcc/aarch64-linux-gnu/12/../../../aarch64-linux-gnu/libm.so
cabsf                                             /usr/lib/gcc/aarch64-linux-gnu/12/../../../aarch64-linux-gnu/libm.so
cabsf128                                          /usr/lib/gcc/aarch64-linux-gnu/12/../../../aarch64-linux-gnu/libm.so
cabsf128@@GLIBC_2.27                              /usr/lib/gcc/aarch64-linux-gnu/12/../../../aarch64-linux-gnu/libm.so
cabsf128@GLIBC_2.27                               /usr/lib/gcc/aarch64-linux-gnu/12/../../../aarch64-linux-gnu/libm.so
cabsf32                                           /usr/lib/gcc/aarch64-linux-gnu/12/../../../aarch64-linux-gnu/libm.so
cabsf32@@GLIBC_2.27                               /usr/lib/gcc/aarch64-linux-gnu/12/../../../aarch64-linux-gnu/libm.so
cabsf32@GLIBC_2.27                                /usr/lib/gcc/aarch64-linux-gnu/12/../../../aarch64-linux-gnu/libm.so
cabsf32x                                          /usr/lib/gcc/aarch64-linux-gnu/12/../../../aarch64-linux-gnu/libm.so
cabsf32x@@GLIBC_2.27                              /usr/lib/gcc/aarch64-linux-gnu/12/../../../aarch64-linux-gnu/libm.so
cabsf32x@GLIBC_2.27                               /usr/lib/gcc/aarch64-linux-gnu/12/../../../aarch64-linux-gnu/libm.so
cabsf64                                           /usr/lib/gcc/aarch64-linux-gnu/12/../../../aarch64-linux-gnu/libm.so
cabsf64@@GLIBC_2.27                               /usr/lib/gcc/aarch64-linux-gnu/12/../../../aarch64-linux-gnu/libm.so
cabsf64@GLIBC_2.27                                /usr/lib/gcc/aarch64-linux-gnu/12/../../../aarch64-linux-gnu/libm.so
cabsf64x                                          /usr/lib/gcc/aarch64-linux-gnu/12/../../../aarch64-linux-gnu/libm.so
cabsf64x@@GLIBC_2.27                              /usr/lib/gcc/aarch64-linux-gnu/12/../../../aarch64-linux-gnu/libm.so
cabsf64x@GLIBC_2.27                               /usr/lib/gcc/aarch64-linux-gnu/12/../../../aarch64-linux-gnu/libm.so
cabsf@@GLIBC_2.17                                 /usr/lib/gcc/aarch64-linux-gnu/12/../../../aarch64-linux-gnu/libm.so
cabsf@GLIBC_2.17                                  /usr/lib/gcc/aarch64-linux-gnu/12/../../../aarch64-linux-gnu/libm.so
cabsl                                             /usr/lib/gcc/aarch64-linux-gnu/12/../../../aarch64-linux-gnu/libm.so
cabsl@@GLIBC_2.17                                 /usr/lib/gcc/aarch64-linux-gnu/12/../../../aarch64-linux-gnu/libm.so
cabsl@GLIBC_2.17                                  /usr/lib/gcc/aarch64-linux-gnu/12/../../../aarch64-linux-gnu/libm.so
cacos                                             /usr/lib/gcc/aarch64-linux-gnu/12/../../../aarch64-linux-gnu/libm.so
cacos@@GLIBC_2.17                                 /usr/lib/gcc/aarch64-linux-gnu/12/../../../aarch64-linux-gnu/libm.so
cacos@GLIBC_2.17                                  /usr/lib/gcc/aarch64-linux-gnu/12/../../../aarch64-linux-gnu/libm.so
cacosf                                            /usr/lib/gcc/aarch64-linux-gnu/12/../../../aarch64-linux-gnu/libm.so
cacosf128                                         /usr/lib/gcc/aarch64-linux-gnu/12/../../../aarch64-linux-gnu/libm.so
cacosf128@@GLIBC_2.27                             /usr/lib/gcc/aarch64-linux-gnu/12/../../../aarch64-linux-gnu/libm.so
cacosf128@GLIBC_2.27                              /usr/lib/gcc/aarch64-linux-gnu/12/../../../aarch64-linux-gnu/libm.so
cacosf32                                          /usr/lib/gcc/aarch64-linux-gnu/12/../../../aarch64-linux-gnu/libm.so
cacosf32@@GLIBC_2.27                              /usr/lib/gcc/aarch64-linux-gnu/12/../../../aarch64-linux-gnu/libm.so
cacosf32@GLIBC_2.27                               /usr/lib/gcc/aarch64-linux-gnu/12/../../../aarch64-linux-gnu/libm.so
cacosf32x                                         /usr/lib/gcc/aarch64-linux-gnu/12/../../../aarch64-linux-gnu/libm.so
cacosf32x@@GLIBC_2.27                             /usr/lib/gcc/aarch64-linux-gnu/12/../../../aarch64-linux-gnu/libm.so
cacosf32x@GLIBC_2.27                              /usr/lib/gcc/aarch64-linux-gnu/12/../../../aarch64-linux-gnu/libm.so
cacosf64                                          /usr/lib/gcc/aarch64-linux-gnu/12/../../../aarch64-linux-gnu/libm.so
cacosf64@@GLIBC_2.27                              /usr/lib/gcc/aarch64-linux-gnu/12/../../../aarch64-linux-gnu/libm.so
cacosf64@GLIBC_2.27                               /usr/lib/gcc/aarch64-linux-gnu/12/../../../aarch64-linux-gnu/libm.so
cacosf64x                                         /usr/lib/gcc/aarch64-linux-gnu/12/../../../aarch64-linux-gnu/libm.so
cacosf64x@@GLIBC_2.27                             /usr/lib/gcc/aarch64-linux-gnu/12/../../../aarch64-linux-gnu/libm.so
cacosf64x@GLIBC_2.27                              /usr/lib/gcc/aarch64-linux-gnu/12/../../../aarch64-linux-gnu/libm.so
cacosf@@GLIBC_2.17                                /usr/lib/gcc/aarch64-linux-gnu/12/../../../aarch64-linux-gnu/libm.so
cacosf@GLIBC_2.17                                 /usr/lib/gcc/aarch64-linux-gnu/12/../../../aarch64-linux-gnu/libm.so
cacosh                                            /usr/lib/gcc/aarch64-linux-gnu/12/../../../aarch64-linux-gnu/libm.so
cacosh@@GLIBC_2.17                                /usr/lib/gcc/aarch64-linux-gnu/12/../../../aarch64-linux-gnu/libm.so
cacosh@GLIBC_2.17                                 /usr/lib/gcc/aarch64-linux-gnu/12/../../../aarch64-linux-gnu/libm.so
cacoshf                                           /usr/lib/gcc/aarch64-linux-gnu/12/../../../aarch64-linux-gnu/libm.so
cacoshf128                                        /usr/lib/gcc/aarch64-linux-gnu/12/../../../aarch64-linux-gnu/libm.so
cacoshf128@@GLIBC_2.27                            /usr/lib/gcc/aarch64-linux-gnu/12/../../../aarch64-linux-gnu/libm.so
cacoshf128@GLIBC_2.27                             /usr/lib/gcc/aarch64-linux-gnu/12/../../../aarch64-linux-gnu/libm.so
cacoshf32                                         /usr/lib/gcc/aarch64-linux-gnu/12/../../../aarch64-linux-gnu/libm.so
cacoshf32@@GLIBC_2.27                             /usr/lib/gcc/aarch64-linux-gnu/12/../../../aarch64-linux-gnu/libm.so
cacoshf32@GLIBC_2.27                              /usr/lib/gcc/aarch64-linux-gnu/12/../../../aarch64-linux-gnu/libm.so
cacoshf32x                                        /usr/lib/gcc/aarch64-linux-gnu/12/../../../aarch64-linux-gnu/libm.so
cacoshf32x@@GLIBC_2.27                            /usr/lib/gcc/aarch64-linux-gnu/12/../../../aarch64-linux-gnu/libm.so
cacoshf32x@GLIBC_2.27                             /usr/lib/gcc/aarch64-linux-gnu/12/../../../aarch64-linux-gnu/libm.so
cacoshf64                                         /usr/lib/gcc/aarch64-linux-gnu/12/../../../aarch64-linux-gnu/libm.so
cacoshf64@@GLIBC_2.27                             /usr/lib/gcc/aarch64-linux-gnu/12/../../../aarch64-linux-gnu/libm.so
cacoshf64@GLIBC_2.27                              /usr/lib/gcc/aarch64-linux-gnu/12/../../../aarch64-linux-gnu/libm.so
cacoshf64x                                        /usr/lib/gcc/aarch64-linux-gnu/12/../../../aarch64-linux-gnu/libm.so
cacoshf64x@@GLIBC_2.27                            /usr/lib/gcc/aarch64-linux-gnu/12/../../../aarch64-linux-gnu/libm.so
cacoshf64x@GLIBC_2.27                             /usr/lib/gcc/aarch64-linux-gnu/12/../../../aarch64-linux-gnu/libm.so
cacoshf@@GLIBC_2.17                               /usr/lib/gcc/aarch64-linux-gnu/12/../../../aarch64-linux-gnu/libm.so
cacoshf@GLIBC_2.17                                /usr/lib/gcc/aarch64-linux-gnu/12/../../../aarch64-linux-gnu/libm.so
cacoshl                                           /usr/lib/gcc/aarch64-linux-gnu/12/../../../aarch64-linux-gnu/libm.so
cacoshl@@GLIBC_2.17                               /usr/lib/gcc/aarch64-linux-gnu/12/../../../aarch64-linux-gnu/libm.so
cacoshl@GLIBC_2.17                                /usr/lib/gcc/aarch64-linux-gnu/12/../../../aarch64-linux-gnu/libm.so
cacosl                                            /usr/lib/gcc/aarch64-linux-gnu/12/../../../aarch64-linux-gnu/libm.so
cacosl@@GLIBC_2.17                                /usr/lib/gcc/aarch64-linux-gnu/12/../../../aarch64-linux-gnu/libm.so
cacosl@GLIBC_2.17                                 /usr/lib/gcc/aarch64-linux-gnu/12/../../../aarch64-linux-gnu/libm.so
calloc                                            /lib/aarch64-linux-gnu/libc.so.6
calloc@@GLIBC_2.17                                /lib/aarch64-linux-gnu/libc.so.6
calloc@GLIBC_2.17                                 /lib/aarch64-linux-gnu/libc.so.6
                                                  /lib/aarch64-linux-gnu/libwayland-server.so.0
                                                  /lib/aarch64-linux-gnu/libdrm.so.2
                                                  /lib/aarch64-linux-gnu/libGLdispatch.so.0
                                                  //usr/lib/libti_rpmsg_char.so.0
                                                  /lib/aarch64-linux-gnu/libgbm.so.1
                                                  /lib/aarch64-linux-gnu/libEGL.so.1
                                                  /opt/psdk-rtos/workarea/vision_apps/out/J722S/A53/LINUX/release/libtivision_apps.so
canonicalize                                      /usr/lib/gcc/aarch64-linux-gnu/12/../../../aarch64-linux-gnu/libm.so
canonicalize@@GLIBC_2.25                          /usr/lib/gcc/aarch64-linux-gnu/12/../../../aarch64-linux-gnu/libm.so
canonicalize@GLIBC_2.25                           /usr/lib/gcc/aarch64-linux-gnu/12/../../../aarch64-linux-gnu/libm.so
canonicalize_file_name                            /lib/aarch64-linux-gnu/libc.so.6
canonicalize_file_name@@GLIBC_2.17                /lib/aarch64-linux-gnu/libc.so.6
canonicalize_file_name@GLIBC_2.17                 /lib/aarch64-linux-gnu/libc.so.6
canonicalizef                                     /usr/lib/gcc/aarch64-linux-gnu/12/../../../aarch64-linux-gnu/libm.so
canonicalizef128                                  /usr/lib/gcc/aarch64-linux-gnu/12/../../../aarch64-linux-gnu/libm.so
canonicalizef128@@GLIBC_2.27                      /usr/lib/gcc/aarch64-linux-gnu/12/../../../aarch64-linux-gnu/libm.so
canonicalizef128@GLIBC_2.27                       /usr/lib/gcc/aarch64-linux-gnu/12/../../../aarch64-linux-gnu/libm.so
canonicalizef32                                   /usr/lib/gcc/aarch64-linux-gnu/12/../../../aarch64-linux-gnu/libm.so
canonicalizef32@@GLIBC_2.27                       /usr/lib/gcc/aarch64-linux-gnu/12/../../../aarch64-linux-gnu/libm.so
canonicalizef32@GLIBC_2.27                        /usr/lib/gcc/aarch64-linux-gnu/12/../../../aarch64-linux-gnu/libm.so
canonicalizef32x                                  /usr/lib/gcc/aarch64-linux-gnu/12/../../../aarch64-linux-gnu/libm.so
canonicalizef32x@@GLIBC_2.27                      /usr/lib/gcc/aarch64-linux-gnu/12/../../../aarch64-linux-gnu/libm.so
canonicalizef32x@GLIBC_2.27                       /usr/lib/gcc/aarch64-linux-gnu/12/../../../aarch64-linux-gnu/libm.so
canonicalizef64                                   /usr/lib/gcc/aarch64-linux-gnu/12/../../../aarch64-linux-gnu/libm.so
canonicalizef64@@GLIBC_2.27                       /usr/lib/gcc/aarch64-linux-gnu/12/../../../aarch64-linux-gnu/libm.so
canonicalizef64@GLIBC_2.27                        /usr/lib/gcc/aarch64-linux-gnu/12/../../../aarch64-linux-gnu/libm.so
canonicalizef64x                                  /usr/lib/gcc/aarch64-linux-gnu/12/../../../aarch64-linux-gnu/libm.so
canonicalizef64x@@GLIBC_2.27                      /usr/lib/gcc/aarch64-linux-gnu/12/../../../aarch64-linux-gnu/libm.so
canonicalizef64x@GLIBC_2.27                       /usr/lib/gcc/aarch64-linux-gnu/12/../../../aarch64-linux-gnu/libm.so
canonicalizef@@GLIBC_2.25                         /usr/lib/gcc/aarch64-linux-gnu/12/../../../aarch64-linux-gnu/libm.so
canonicalizef@GLIBC_2.25                          /usr/lib/gcc/aarch64-linux-gnu/12/../../../aarch64-linux-gnu/libm.so
canonicalizel                                     /usr/lib/gcc/aarch64-linux-gnu/12/../../../aarch64-linux-gnu/libm.so
canonicalizel@@GLIBC_2.25                         /usr/lib/gcc/aarch64-linux-gnu/12/../../../aarch64-linux-gnu/libm.so
canonicalizel@GLIBC_2.25                          /usr/lib/gcc/aarch64-linux-gnu/12/../../../aarch64-linux-gnu/libm.so
[...]
wcsncasecmp@GLIBC_2.17                            /lib/aarch64-linux-gnu/libc.so.6
wcsncasecmp_l                                     /lib/aarch64-linux-gnu/libc.so.6
wcsncasecmp_l@@GLIBC_2.17                         /lib/aarch64-linux-gnu/libc.so.6
wcsncasecmp_l@GLIBC_2.17                          /lib/aarch64-linux-gnu/libc.so.6
wcsncpy                                           /lib/aarch64-linux-gnu/libc.so.6
wcsncpy@@GLIBC_2.17                               /lib/aarch64-linux-gnu/libc.so.6
wcsncpy@GLIBC_2.17                                /lib/aarch64-linux-gnu/libc.so.6
wcsnlen                                           /lib/aarch64-linux-gnu/libc.so.6
wcsnlen@@GLIBC_2.17                               /lib/aarch64-linux-gnu/libc.so.6
wcsnlen@GLIBC_2.17                                /lib/aarch64-linux-gnu/libc.so.6
wcsnrtombs                                        /lib/aarch64-linux-gnu/libc.so.6
wcsnrtombs@@GLIBC_2.17                            /lib/aarch64-linux-gnu/libc.so.6
wcsnrtombs@GLIBC_2.17                             /lib/aarch64-linux-gnu/libc.so.6
wcsrtombs                                         /lib/aarch64-linux-gnu/libc.so.6
wcsrtombs@@GLIBC_2.17                             /lib/aarch64-linux-gnu/libc.so.6
wcsrtombs@GLIBC_2.17                              /lib/aarch64-linux-gnu/libc.so.6
wcstod_l                                          /lib/aarch64-linux-gnu/libc.so.6
wcstod_l@@GLIBC_2.17                              /lib/aarch64-linux-gnu/libc.so.6
wcstod_l@GLIBC_2.17                               /lib/aarch64-linux-gnu/libc.so.6
wcstof128                                         /lib/aarch64-linux-gnu/libc.so.6
wcstof128@@GLIBC_2.27                             /lib/aarch64-linux-gnu/libc.so.6
wcstof128@GLIBC_2.27                              /lib/aarch64-linux-gnu/libc.so.6
wcstof128_l                                       /lib/aarch64-linux-gnu/libc.so.6
wcstof128_l@@GLIBC_2.27                           /lib/aarch64-linux-gnu/libc.so.6
wcstof128_l@GLIBC_2.27                            /lib/aarch64-linux-gnu/libc.so.6
wcstof32                                          /lib/aarch64-linux-gnu/libc.so.6
wcstof32@@GLIBC_2.27                              /lib/aarch64-linux-gnu/libc.so.6
wcstof32@GLIBC_2.27                               /lib/aarch64-linux-gnu/libc.so.6
wcstof32_l                                        /lib/aarch64-linux-gnu/libc.so.6
wcstof32_l@@GLIBC_2.27                            /lib/aarch64-linux-gnu/libc.so.6
wcstof32_l@GLIBC_2.27                             /lib/aarch64-linux-gnu/libc.so.6
wcstof32x                                         /lib/aarch64-linux-gnu/libc.so.6
wcstof32x@@GLIBC_2.27                             /lib/aarch64-linux-gnu/libc.so.6
wcstof32x@GLIBC_2.27                              /lib/aarch64-linux-gnu/libc.so.6
wcstof32x_l                                       /lib/aarch64-linux-gnu/libc.so.6
wcstof32x_l@@GLIBC_2.27                           /lib/aarch64-linux-gnu/libc.so.6
wcstof32x_l@GLIBC_2.27                            /lib/aarch64-linux-gnu/libc.so.6
wcstof64                                          /lib/aarch64-linux-gnu/libc.so.6
wcstof64@@GLIBC_2.27                              /lib/aarch64-linux-gnu/libc.so.6
wcstof64@GLIBC_2.27                               /lib/aarch64-linux-gnu/libc.so.6
wcstof64_l                                        /lib/aarch64-linux-gnu/libc.so.6
wcstof64_l@@GLIBC_2.27                            /lib/aarch64-linux-gnu/libc.so.6
wcstof64_l@GLIBC_2.27                             /lib/aarch64-linux-gnu/libc.so.6
wcstof64x                                         /lib/aarch64-linux-gnu/libc.so.6
wcstof64x@@GLIBC_2.27                             /lib/aarch64-linux-gnu/libc.so.6
wcstof64x@GLIBC_2.27                              /lib/aarch64-linux-gnu/libc.so.6
wcstof64x_l                                       /lib/aarch64-linux-gnu/libc.so.6
wcstof64x_l@@GLIBC_2.27                           /lib/aarch64-linux-gnu/libc.so.6
wcstof64x_l@GLIBC_2.27                            /lib/aarch64-linux-gnu/libc.so.6
wcstof_l                                          /lib/aarch64-linux-gnu/libc.so.6
wcstof_l@@GLIBC_2.17                              /lib/aarch64-linux-gnu/libc.so.6
wcstof_l@GLIBC_2.17                               /lib/aarch64-linux-gnu/libc.so.6
wcstoimax                                         /lib/aarch64-linux-gnu/libc.so.6
wcstoimax@@GLIBC_2.17                             /lib/aarch64-linux-gnu/libc.so.6
wcstoimax@GLIBC_2.17                              /lib/aarch64-linux-gnu/libc.so.6
wcstol                                            /lib/aarch64-linux-gnu/libc.so.6
wcstol@@GLIBC_2.17                                /lib/aarch64-linux-gnu/libc.so.6
wcstol@GLIBC_2.17                                 /lib/aarch64-linux-gnu/libc.so.6
wcstol_l                                          /lib/aarch64-linux-gnu/libc.so.6
wcstol_l@@GLIBC_2.17                              /lib/aarch64-linux-gnu/libc.so.6
wcstol_l@GLIBC_2.17                               /lib/aarch64-linux-gnu/libc.so.6
wcstold_l                                         /lib/aarch64-linux-gnu/libc.so.6
wcstold_l@@GLIBC_2.17                             /lib/aarch64-linux-gnu/libc.so.6
wcstold_l@GLIBC_2.17                              /lib/aarch64-linux-gnu/libc.so.6
wcstoll                                           /lib/aarch64-linux-gnu/libc.so.6
wcstoll@@GLIBC_2.17                               /lib/aarch64-linux-gnu/libc.so.6
wcstoll@GLIBC_2.17                                /lib/aarch64-linux-gnu/libc.so.6
wcstoll_l                                         /lib/aarch64-linux-gnu/libc.so.6
wcstoll_l@@GLIBC_2.17                             /lib/aarch64-linux-gnu/libc.so.6
wcstoll_l@GLIBC_2.17                              /lib/aarch64-linux-gnu/libc.so.6
wcstoq                                            /lib/aarch64-linux-gnu/libc.so.6
wcstoq@@GLIBC_2.17                                /lib/aarch64-linux-gnu/libc.so.6
wcstoq@GLIBC_2.17                                 /lib/aarch64-linux-gnu/libc.so.6
wcstoul                                           /lib/aarch64-linux-gnu/libc.so.6
wcstoul@@GLIBC_2.17                               /lib/aarch64-linux-gnu/libc.so.6
wcstoul@GLIBC_2.17                                /lib/aarch64-linux-gnu/libc.so.6
wcstoul_l                                         /lib/aarch64-linux-gnu/libc.so.6
wcstoul_l@@GLIBC_2.17                             /lib/aarch64-linux-gnu/libc.so.6
wcstoul_l@GLIBC_2.17                              /lib/aarch64-linux-gnu/libc.so.6
wcstoull                                          /lib/aarch64-linux-gnu/libc.so.6
wcstoull@@GLIBC_2.17                              /lib/aarch64-linux-gnu/libc.so.6
wcstoull@GLIBC_2.17                               /lib/aarch64-linux-gnu/libc.so.6
wcstoull_l                                        /lib/aarch64-linux-gnu/libc.so.6
wcstoull_l@@GLIBC_2.17                            /lib/aarch64-linux-gnu/libc.so.6
wcstoull_l@GLIBC_2.17                             /lib/aarch64-linux-gnu/libc.so.6
wcstoumax                                         /lib/aarch64-linux-gnu/libc.so.6
wcstoumax@@GLIBC_2.17                             /lib/aarch64-linux-gnu/libc.so.6
wcstoumax@GLIBC_2.17                              /lib/aarch64-linux-gnu/libc.so.6
wcstouq                                           /lib/aarch64-linux-gnu/libc.so.6
wcstouq@@GLIBC_2.17                               /lib/aarch64-linux-gnu/libc.so.6
wcstouq@GLIBC_2.17                                /lib/aarch64-linux-gnu/libc.so.6
wcswcs                                            /lib/aarch64-linux-gnu/libc.so.6
wcswcs@@GLIBC_2.17                                /lib/aarch64-linux-gnu/libc.so.6
wcswcs@GLIBC_2.17                                 /lib/aarch64-linux-gnu/libc.so.6
wcsxfrm_l                                         /lib/aarch64-linux-gnu/libc.so.6
wcsxfrm_l@@GLIBC_2.17                             /lib/aarch64-linux-gnu/libc.so.6
wcsxfrm_l@GLIBC_2.17                              /lib/aarch64-linux-gnu/libc.so.6
wctrans                                           /lib/aarch64-linux-gnu/libc.so.6
wctrans@@GLIBC_2.17                               /lib/aarch64-linux-gnu/libc.so.6
wctrans@GLIBC_2.17                                /lib/aarch64-linux-gnu/libc.so.6
wctrans_l                                         /lib/aarch64-linux-gnu/libc.so.6
wctrans_l@@GLIBC_2.17                             /lib/aarch64-linux-gnu/libc.so.6
wctrans_l@GLIBC_2.17                              /lib/aarch64-linux-gnu/libc.so.6
wctype                                            /lib/aarch64-linux-gnu/libc.so.6
wctype@@GLIBC_2.17                                /lib/aarch64-linux-gnu/libc.so.6
wctype@GLIBC_2.17                                 /lib/aarch64-linux-gnu/libc.so.6
wctype_l                                          /lib/aarch64-linux-gnu/libc.so.6
wctype_l@@GLIBC_2.17                              /lib/aarch64-linux-gnu/libc.so.6
wctype_l@GLIBC_2.17                               /lib/aarch64-linux-gnu/libc.so.6
wmemchr                                           /lib/aarch64-linux-gnu/libc.so.6
wmemchr@@GLIBC_2.17                               /lib/aarch64-linux-gnu/libc.so.6
wmemchr@GLIBC_2.17                                /lib/aarch64-linux-gnu/libc.so.6
wmemcmp                                           /lib/aarch64-linux-gnu/libc.so.6
wmemcmp@@GLIBC_2.17                               /lib/aarch64-linux-gnu/libc.so.6
wmemcmp@GLIBC_2.17                                /lib/aarch64-linux-gnu/libc.so.6
wmemcpy                                           /lib/aarch64-linux-gnu/libc.so.6
wmemcpy@@GLIBC_2.17                               /lib/aarch64-linux-gnu/libc.so.6
wmemcpy@GLIBC_2.17                                /lib/aarch64-linux-gnu/libc.so.6
wmemmove                                          /lib/aarch64-linux-gnu/libc.so.6
wmemmove@@GLIBC_2.17                              /lib/aarch64-linux-gnu/libc.so.6
wmemmove@GLIBC_2.17                               /lib/aarch64-linux-gnu/libc.so.6
wmempcpy                                          /lib/aarch64-linux-gnu/libc.so.6
wmempcpy@@GLIBC_2.17                              /lib/aarch64-linux-gnu/libc.so.6
wmempcpy@GLIBC_2.17                               /lib/aarch64-linux-gnu/libc.so.6
wmemset                                           /lib/aarch64-linux-gnu/libc.so.6
wmemset@@GLIBC_2.17                               /lib/aarch64-linux-gnu/libc.so.6
wmemset@GLIBC_2.17                                /lib/aarch64-linux-gnu/libc.so.6
write                                             /lib/aarch64-linux-gnu/libc.so.6
write@@GLIBC_2.17                                 /lib/aarch64-linux-gnu/libc.so.6
write@GLIBC_2.17                                  /lib/aarch64-linux-gnu/libc.so.6
                                                  /lib/aarch64-linux-gnu/libffi.so.8
                                                  /lib/aarch64-linux-gnu/libwayland-server.so.0
                                                  /opt/psdk-rtos/workarea/vision_apps/out/J722S/A53/LINUX/release/libtivision_apps.so
writev                                            /lib/aarch64-linux-gnu/libc.so.6
writev@@GLIBC_2.17                                /lib/aarch64-linux-gnu/libc.so.6
writev@GLIBC_2.17                                 /lib/aarch64-linux-gnu/libc.so.6
y0                                                /usr/lib/gcc/aarch64-linux-gnu/12/../../../aarch64-linux-gnu/libm.so
y0@@GLIBC_2.17                                    /usr/lib/gcc/aarch64-linux-gnu/12/../../../aarch64-linux-gnu/libm.so
y0@GLIBC_2.17                                     /usr/lib/gcc/aarch64-linux-gnu/12/../../../aarch64-linux-gnu/libm.so
y0f                                               /usr/lib/gcc/aarch64-linux-gnu/12/../../../aarch64-linux-gnu/libm.so
y0f128                                            /usr/lib/gcc/aarch64-linux-gnu/12/../../../aarch64-linux-gnu/libm.so
y0f128@@GLIBC_2.27                                /usr/lib/gcc/aarch64-linux-gnu/12/../../../aarch64-linux-gnu/libm.so
y0f128@GLIBC_2.27                                 /usr/lib/gcc/aarch64-linux-gnu/12/../../../aarch64-linux-gnu/libm.so
y0f32                                             /usr/lib/gcc/aarch64-linux-gnu/12/../../../aarch64-linux-gnu/libm.so
y0f32@@GLIBC_2.27                                 /usr/lib/gcc/aarch64-linux-gnu/12/../../../aarch64-linux-gnu/libm.so
y0f32@GLIBC_2.27                                  /usr/lib/gcc/aarch64-linux-gnu/12/../../../aarch64-linux-gnu/libm.so
y0f32x                                            /usr/lib/gcc/aarch64-linux-gnu/12/../../../aarch64-linux-gnu/libm.so
y0f32x@@GLIBC_2.27                                /usr/lib/gcc/aarch64-linux-gnu/12/../../../aarch64-linux-gnu/libm.so
y0f32x@GLIBC_2.27                                 /usr/lib/gcc/aarch64-linux-gnu/12/../../../aarch64-linux-gnu/libm.so
y0f64                                             /usr/lib/gcc/aarch64-linux-gnu/12/../../../aarch64-linux-gnu/libm.so
y0f64@@GLIBC_2.27                                 /usr/lib/gcc/aarch64-linux-gnu/12/../../../aarch64-linux-gnu/libm.so
y0f64@GLIBC_2.27                                  /usr/lib/gcc/aarch64-linux-gnu/12/../../../aarch64-linux-gnu/libm.so
y0f64x                                            /usr/lib/gcc/aarch64-linux-gnu/12/../../../aarch64-linux-gnu/libm.so
y0f64x@@GLIBC_2.27                                /usr/lib/gcc/aarch64-linux-gnu/12/../../../aarch64-linux-gnu/libm.so
y0f64x@GLIBC_2.27                                 /usr/lib/gcc/aarch64-linux-gnu/12/../../../aarch64-linux-gnu/libm.so
y0f@@GLIBC_2.17                                   /usr/lib/gcc/aarch64-linux-gnu/12/../../../aarch64-linux-gnu/libm.so
y0f@GLIBC_2.17                                    /usr/lib/gcc/aarch64-linux-gnu/12/../../../aarch64-linux-gnu/libm.so
y0l                                               /usr/lib/gcc/aarch64-linux-gnu/12/../../../aarch64-linux-gnu/libm.so
y0l@@GLIBC_2.17                                   /usr/lib/gcc/aarch64-linux-gnu/12/../../../aarch64-linux-gnu/libm.so
y0l@GLIBC_2.17                                    /usr/lib/gcc/aarch64-linux-gnu/12/../../../aarch64-linux-gnu/libm.so
y1                                                /usr/lib/gcc/aarch64-linux-gnu/12/../../../aarch64-linux-gnu/libm.so
y1@@GLIBC_2.17                                    /usr/lib/gcc/aarch64-linux-gnu/12/../../../aarch64-linux-gnu/libm.so
y1@GLIBC_2.17                                     /usr/lib/gcc/aarch64-linux-gnu/12/../../../aarch64-linux-gnu/libm.so
y1f                                               /usr/lib/gcc/aarch64-linux-gnu/12/../../../aarch64-linux-gnu/libm.so
y1f128                                            /usr/lib/gcc/aarch64-linux-gnu/12/../../../aarch64-linux-gnu/libm.so
y1f128@@GLIBC_2.27                                /usr/lib/gcc/aarch64-linux-gnu/12/../../../aarch64-linux-gnu/libm.so
y1f128@GLIBC_2.27                                 /usr/lib/gcc/aarch64-linux-gnu/12/../../../aarch64-linux-gnu/libm.so
y1f32                                             /usr/lib/gcc/aarch64-linux-gnu/12/../../../aarch64-linux-gnu/libm.so
y1f32@@GLIBC_2.27                                 /usr/lib/gcc/aarch64-linux-gnu/12/../../../aarch64-linux-gnu/libm.so
y1f32@GLIBC_2.27                                  /usr/lib/gcc/aarch64-linux-gnu/12/../../../aarch64-linux-gnu/libm.so
y1f32x                                            /usr/lib/gcc/aarch64-linux-gnu/12/../../../aarch64-linux-gnu/libm.so
y1f32x@@GLIBC_2.27                                /usr/lib/gcc/aarch64-linux-gnu/12/../../../aarch64-linux-gnu/libm.so
y1f32x@GLIBC_2.27                                 /usr/lib/gcc/aarch64-linux-gnu/12/../../../aarch64-linux-gnu/libm.so
y1f64                                             /usr/lib/gcc/aarch64-linux-gnu/12/../../../aarch64-linux-gnu/libm.so
y1f64@@GLIBC_2.27                                 /usr/lib/gcc/aarch64-linux-gnu/12/../../../aarch64-linux-gnu/libm.so
y1f64@GLIBC_2.27                                  /usr/lib/gcc/aarch64-linux-gnu/12/../../../aarch64-linux-gnu/libm.so
y1f64x                                            /usr/lib/gcc/aarch64-linux-gnu/12/../../../aarch64-linux-gnu/libm.so
y1f64x@@GLIBC_2.27                                /usr/lib/gcc/aarch64-linux-gnu/12/../../../aarch64-linux-gnu/libm.so
y1f64x@GLIBC_2.27                                 /usr/lib/gcc/aarch64-linux-gnu/12/../../../aarch64-linux-gnu/libm.so
y1f@@GLIBC_2.17                                   /usr/lib/gcc/aarch64-linux-gnu/12/../../../aarch64-linux-gnu/libm.so
y1f@GLIBC_2.17                                    /usr/lib/gcc/aarch64-linux-gnu/12/../../../aarch64-linux-gnu/libm.so
y1l                                               /usr/lib/gcc/aarch64-linux-gnu/12/../../../aarch64-linux-gnu/libm.so
y1l@@GLIBC_2.17                                   /usr/lib/gcc/aarch64-linux-gnu/12/../../../aarch64-linux-gnu/libm.so
y1l@GLIBC_2.17                                    /usr/lib/gcc/aarch64-linux-gnu/12/../../../aarch64-linux-gnu/libm.so
yn                                                /usr/lib/gcc/aarch64-linux-gnu/12/../../../aarch64-linux-gnu/libm.so
yn@@GLIBC_2.17                                    /usr/lib/gcc/aarch64-linux-gnu/12/../../../aarch64-linux-gnu/libm.so
yn@GLIBC_2.17                                     /usr/lib/gcc/aarch64-linux-gnu/12/../../../aarch64-linux-gnu/libm.so
ynf                                               /usr/lib/gcc/aarch64-linux-gnu/12/../../../aarch64-linux-gnu/libm.so
ynf128                                            /usr/lib/gcc/aarch64-linux-gnu/12/../../../aarch64-linux-gnu/libm.so
ynf128@@GLIBC_2.27                                /usr/lib/gcc/aarch64-linux-gnu/12/../../../aarch64-linux-gnu/libm.so
ynf128@GLIBC_2.27                                 /usr/lib/gcc/aarch64-linux-gnu/12/../../../aarch64-linux-gnu/libm.so
ynf32                                             /usr/lib/gcc/aarch64-linux-gnu/12/../../../aarch64-linux-gnu/libm.so
ynf32@@GLIBC_2.27                                 /usr/lib/gcc/aarch64-linux-gnu/12/../../../aarch64-linux-gnu/libm.so
ynf32@GLIBC_2.27                                  /usr/lib/gcc/aarch64-linux-gnu/12/../../../aarch64-linux-gnu/libm.so
ynf32x                                            /usr/lib/gcc/aarch64-linux-gnu/12/../../../aarch64-linux-gnu/libm.so
ynf32x@@GLIBC_2.27                                /usr/lib/gcc/aarch64-linux-gnu/12/../../../aarch64-linux-gnu/libm.so
ynf32x@GLIBC_2.27                                 /usr/lib/gcc/aarch64-linux-gnu/12/../../../aarch64-linux-gnu/libm.so
ynf64                                             /usr/lib/gcc/aarch64-linux-gnu/12/../../../aarch64-linux-gnu/libm.so
ynf64@@GLIBC_2.27                                 /usr/lib/gcc/aarch64-linux-gnu/12/../../../aarch64-linux-gnu/libm.so
ynf64@GLIBC_2.27                                  /usr/lib/gcc/aarch64-linux-gnu/12/../../../aarch64-linux-gnu/libm.so
ynf64x                                            /usr/lib/gcc/aarch64-linux-gnu/12/../../../aarch64-linux-gnu/libm.so
ynf64x@@GLIBC_2.27                                /usr/lib/gcc/aarch64-linux-gnu/12/../../../aarch64-linux-gnu/libm.so
ynf64x@GLIBC_2.27                                 /usr/lib/gcc/aarch64-linux-gnu/12/../../../aarch64-linux-gnu/libm.so
ynf@@GLIBC_2.17                                   /usr/lib/gcc/aarch64-linux-gnu/12/../../../aarch64-linux-gnu/libm.so
ynf@GLIBC_2.17                                    /usr/lib/gcc/aarch64-linux-gnu/12/../../../aarch64-linux-gnu/libm.so
ynl                                               /usr/lib/gcc/aarch64-linux-gnu/12/../../../aarch64-linux-gnu/libm.so
ynl@@GLIBC_2.17                                   /usr/lib/gcc/aarch64-linux-gnu/12/../../../aarch64-linux-gnu/libm.so
ynl@GLIBC_2.17                                    /usr/lib/gcc/aarch64-linux-gnu/12/../../../aarch64-linux-gnu/libm.so
